<?xml version="1.0" encoding="ISO-8859-1" ?>
<link_info>
   <banner>MSP430 Linker PC v21.6.1.LTS</banner>
   <copyright>Copyright (c) 2003-2018 Texas Instruments Incorporated</copyright>
   <link_time>0x65592857</link_time>
   <link_errors>0x0</link_errors>
   <output_file>MSP430_EC3.out</output_file>
   <entry_point>
      <name>_c_int00_noargs</name>
      <address>0x4520</address>
   </entry_point>
   <input_file_list>
      <input_file id="fl-2">
         <path>.\</path>
         <kind>object</kind>
         <file>commands.obj</file>
         <name>commands.obj</name>
      </input_file>
      <input_file id="fl-3">
         <path>.\</path>
         <kind>object</kind>
         <file>hal.obj</file>
         <name>hal.obj</name>
      </input_file>
      <input_file id="fl-4">
         <path>.\</path>
         <kind>object</kind>
         <file>main.obj</file>
         <name>main.obj</name>
      </input_file>
      <input_file id="fl-5">
         <path>.\</path>
         <kind>object</kind>
         <file>system_pre_init.obj</file>
         <name>system_pre_init.obj</name>
      </input_file>
      <input_file id="fl-6">
         <path>.\FreeRTOS\Source\</path>
         <kind>object</kind>
         <file>croutine.obj</file>
         <name>croutine.obj</name>
      </input_file>
      <input_file id="fl-7">
         <path>.\FreeRTOS\Source\</path>
         <kind>object</kind>
         <file>event_groups.obj</file>
         <name>event_groups.obj</name>
      </input_file>
      <input_file id="fl-8">
         <path>.\FreeRTOS\Source\</path>
         <kind>object</kind>
         <file>list.obj</file>
         <name>list.obj</name>
      </input_file>
      <input_file id="fl-9">
         <path>.\FreeRTOS\Source\</path>
         <kind>object</kind>
         <file>queue.obj</file>
         <name>queue.obj</name>
      </input_file>
      <input_file id="fl-a">
         <path>.\FreeRTOS\Source\</path>
         <kind>object</kind>
         <file>stream_buffer.obj</file>
         <name>stream_buffer.obj</name>
      </input_file>
      <input_file id="fl-b">
         <path>.\FreeRTOS\Source\</path>
         <kind>object</kind>
         <file>tasks.obj</file>
         <name>tasks.obj</name>
      </input_file>
      <input_file id="fl-c">
         <path>.\FreeRTOS\Source\</path>
         <kind>object</kind>
         <file>timers.obj</file>
         <name>timers.obj</name>
      </input_file>
      <input_file id="fl-d">
         <path>.\FreeRTOS\Source\portable\CCS\MSP430X\</path>
         <kind>object</kind>
         <file>port.obj</file>
         <name>port.obj</name>
      </input_file>
      <input_file id="fl-e">
         <path>.\FreeRTOS\Source\portable\CCS\MSP430X\</path>
         <kind>object</kind>
         <file>portext.obj</file>
         <name>portext.obj</name>
      </input_file>
      <input_file id="fl-f">
         <path>.\FreeRTOS\Source\portable\MemMang\</path>
         <kind>object</kind>
         <file>heap_4.obj</file>
         <name>heap_4.obj</name>
      </input_file>
      <input_file id="fl-10">
         <path>.\MSP430F5xx_6xx\</path>
         <kind>object</kind>
         <file>adc10_a.obj</file>
         <name>adc10_a.obj</name>
      </input_file>
      <input_file id="fl-11">
         <path>.\MSP430F5xx_6xx\</path>
         <kind>object</kind>
         <file>adc12_a.obj</file>
         <name>adc12_a.obj</name>
      </input_file>
      <input_file id="fl-12">
         <path>.\MSP430F5xx_6xx\</path>
         <kind>object</kind>
         <file>aes.obj</file>
         <name>aes.obj</name>
      </input_file>
      <input_file id="fl-13">
         <path>.\MSP430F5xx_6xx\</path>
         <kind>object</kind>
         <file>battbak.obj</file>
         <name>battbak.obj</name>
      </input_file>
      <input_file id="fl-14">
         <path>.\MSP430F5xx_6xx\</path>
         <kind>object</kind>
         <file>comp_b.obj</file>
         <name>comp_b.obj</name>
      </input_file>
      <input_file id="fl-15">
         <path>.\MSP430F5xx_6xx\</path>
         <kind>object</kind>
         <file>crc.obj</file>
         <name>crc.obj</name>
      </input_file>
      <input_file id="fl-16">
         <path>.\MSP430F5xx_6xx\</path>
         <kind>object</kind>
         <file>ctsd16.obj</file>
         <name>ctsd16.obj</name>
      </input_file>
      <input_file id="fl-17">
         <path>.\MSP430F5xx_6xx\</path>
         <kind>object</kind>
         <file>dac12_a.obj</file>
         <name>dac12_a.obj</name>
      </input_file>
      <input_file id="fl-18">
         <path>.\MSP430F5xx_6xx\</path>
         <kind>object</kind>
         <file>dma.obj</file>
         <name>dma.obj</name>
      </input_file>
      <input_file id="fl-19">
         <path>.\MSP430F5xx_6xx\</path>
         <kind>object</kind>
         <file>eusci_a_spi.obj</file>
         <name>eusci_a_spi.obj</name>
      </input_file>
      <input_file id="fl-1a">
         <path>.\MSP430F5xx_6xx\</path>
         <kind>object</kind>
         <file>eusci_a_uart.obj</file>
         <name>eusci_a_uart.obj</name>
      </input_file>
      <input_file id="fl-1b">
         <path>.\MSP430F5xx_6xx\</path>
         <kind>object</kind>
         <file>eusci_b_i2c.obj</file>
         <name>eusci_b_i2c.obj</name>
      </input_file>
      <input_file id="fl-1c">
         <path>.\MSP430F5xx_6xx\</path>
         <kind>object</kind>
         <file>eusci_b_spi.obj</file>
         <name>eusci_b_spi.obj</name>
      </input_file>
      <input_file id="fl-1d">
         <path>.\MSP430F5xx_6xx\</path>
         <kind>object</kind>
         <file>flashctl.obj</file>
         <name>flashctl.obj</name>
      </input_file>
      <input_file id="fl-1e">
         <path>.\MSP430F5xx_6xx\</path>
         <kind>object</kind>
         <file>gpio.obj</file>
         <name>gpio.obj</name>
      </input_file>
      <input_file id="fl-1f">
         <path>.\MSP430F5xx_6xx\</path>
         <kind>object</kind>
         <file>lcd_b.obj</file>
         <name>lcd_b.obj</name>
      </input_file>
      <input_file id="fl-20">
         <path>.\MSP430F5xx_6xx\</path>
         <kind>object</kind>
         <file>ldopwr.obj</file>
         <name>ldopwr.obj</name>
      </input_file>
      <input_file id="fl-21">
         <path>.\MSP430F5xx_6xx\</path>
         <kind>object</kind>
         <file>mpy32.obj</file>
         <name>mpy32.obj</name>
      </input_file>
      <input_file id="fl-22">
         <path>.\MSP430F5xx_6xx\</path>
         <kind>object</kind>
         <file>oa.obj</file>
         <name>oa.obj</name>
      </input_file>
      <input_file id="fl-23">
         <path>.\MSP430F5xx_6xx\</path>
         <kind>object</kind>
         <file>pmap.obj</file>
         <name>pmap.obj</name>
      </input_file>
      <input_file id="fl-24">
         <path>.\MSP430F5xx_6xx\</path>
         <kind>object</kind>
         <file>pmm.obj</file>
         <name>pmm.obj</name>
      </input_file>
      <input_file id="fl-25">
         <path>.\MSP430F5xx_6xx\</path>
         <kind>object</kind>
         <file>ram.obj</file>
         <name>ram.obj</name>
      </input_file>
      <input_file id="fl-26">
         <path>.\MSP430F5xx_6xx\</path>
         <kind>object</kind>
         <file>ref.obj</file>
         <name>ref.obj</name>
      </input_file>
      <input_file id="fl-27">
         <path>.\MSP430F5xx_6xx\</path>
         <kind>object</kind>
         <file>rtc_a.obj</file>
         <name>rtc_a.obj</name>
      </input_file>
      <input_file id="fl-28">
         <path>.\MSP430F5xx_6xx\</path>
         <kind>object</kind>
         <file>rtc_b.obj</file>
         <name>rtc_b.obj</name>
      </input_file>
      <input_file id="fl-29">
         <path>.\MSP430F5xx_6xx\</path>
         <kind>object</kind>
         <file>rtc_c.obj</file>
         <name>rtc_c.obj</name>
      </input_file>
      <input_file id="fl-2a">
         <path>.\MSP430F5xx_6xx\</path>
         <kind>object</kind>
         <file>sd24_b.obj</file>
         <name>sd24_b.obj</name>
      </input_file>
      <input_file id="fl-2b">
         <path>.\MSP430F5xx_6xx\</path>
         <kind>object</kind>
         <file>sfr.obj</file>
         <name>sfr.obj</name>
      </input_file>
      <input_file id="fl-2c">
         <path>.\MSP430F5xx_6xx\</path>
         <kind>object</kind>
         <file>sysctl.obj</file>
         <name>sysctl.obj</name>
      </input_file>
      <input_file id="fl-2d">
         <path>.\MSP430F5xx_6xx\</path>
         <kind>object</kind>
         <file>tec.obj</file>
         <name>tec.obj</name>
      </input_file>
      <input_file id="fl-2e">
         <path>.\MSP430F5xx_6xx\</path>
         <kind>object</kind>
         <file>timer_a.obj</file>
         <name>timer_a.obj</name>
      </input_file>
      <input_file id="fl-2f">
         <path>.\MSP430F5xx_6xx\</path>
         <kind>object</kind>
         <file>timer_b.obj</file>
         <name>timer_b.obj</name>
      </input_file>
      <input_file id="fl-30">
         <path>.\MSP430F5xx_6xx\</path>
         <kind>object</kind>
         <file>timer_d.obj</file>
         <name>timer_d.obj</name>
      </input_file>
      <input_file id="fl-31">
         <path>.\MSP430F5xx_6xx\</path>
         <kind>object</kind>
         <file>tlv.obj</file>
         <name>tlv.obj</name>
      </input_file>
      <input_file id="fl-32">
         <path>.\MSP430F5xx_6xx\</path>
         <kind>object</kind>
         <file>ucs.obj</file>
         <name>ucs.obj</name>
      </input_file>
      <input_file id="fl-33">
         <path>.\MSP430F5xx_6xx\</path>
         <kind>object</kind>
         <file>usci_a_spi.obj</file>
         <name>usci_a_spi.obj</name>
      </input_file>
      <input_file id="fl-34">
         <path>.\MSP430F5xx_6xx\</path>
         <kind>object</kind>
         <file>usci_a_uart.obj</file>
         <name>usci_a_uart.obj</name>
      </input_file>
      <input_file id="fl-35">
         <path>.\MSP430F5xx_6xx\</path>
         <kind>object</kind>
         <file>usci_b_i2c.obj</file>
         <name>usci_b_i2c.obj</name>
      </input_file>
      <input_file id="fl-36">
         <path>.\MSP430F5xx_6xx\</path>
         <kind>object</kind>
         <file>usci_b_spi.obj</file>
         <name>usci_b_spi.obj</name>
      </input_file>
      <input_file id="fl-37">
         <path>.\MSP430F5xx_6xx\</path>
         <kind>object</kind>
         <file>wdt_a.obj</file>
         <name>wdt_a.obj</name>
      </input_file>
      <input_file id="fl-38">
         <path>.\utils\</path>
         <kind>object</kind>
         <file>RunTimeStatsConfig.obj</file>
         <name>RunTimeStatsConfig.obj</name>
      </input_file>
      <input_file id="fl-39">
         <path>.\utils\</path>
         <kind>object</kind>
         <file>cmdline.obj</file>
         <name>cmdline.obj</name>
      </input_file>
      <input_file id="fl-3a">
         <path>.\utils\</path>
         <kind>object</kind>
         <file>serial.obj</file>
         <name>serial.obj</name>
      </input_file>
      <input_file id="fl-40">
         <kind>object</kind>
         <file>&lt;internal&gt;</file>
         <name>&lt;internal&gt;</name>
      </input_file>
      <input_file id="fl-5b">
         <path>C:\ti\ccs1240\ccs\tools\compiler\ti-cgt-msp430_21.6.1.LTS\lib\</path>
         <kind>archive</kind>
         <file>rts430x_lc_rd_eabi.lib</file>
         <name>sprintf.c.obj</name>
      </input_file>
      <input_file id="fl-5c">
         <path>C:\ti\ccs1240\ccs\tools\compiler\ti-cgt-msp430_21.6.1.LTS\lib\</path>
         <kind>archive</kind>
         <file>rts430x_lc_rd_eabi.lib</file>
         <name>div16s.asm.obj</name>
      </input_file>
      <input_file id="fl-5d">
         <path>C:\ti\ccs1240\ccs\tools\compiler\ti-cgt-msp430_21.6.1.LTS\lib\</path>
         <kind>archive</kind>
         <file>rts430x_lc_rd_eabi.lib</file>
         <name>div16u.asm.obj</name>
      </input_file>
      <input_file id="fl-5e">
         <path>C:\ti\ccs1240\ccs\tools\compiler\ti-cgt-msp430_21.6.1.LTS\lib\</path>
         <kind>archive</kind>
         <file>rts430x_lc_rd_eabi.lib</file>
         <name>div32s.asm.obj</name>
      </input_file>
      <input_file id="fl-5f">
         <path>C:\ti\ccs1240\ccs\tools\compiler\ti-cgt-msp430_21.6.1.LTS\lib\</path>
         <kind>archive</kind>
         <file>rts430x_lc_rd_eabi.lib</file>
         <name>div32u.asm.obj</name>
      </input_file>
      <input_file id="fl-60">
         <path>C:\ti\ccs1240\ccs\tools\compiler\ti-cgt-msp430_21.6.1.LTS\lib\</path>
         <kind>archive</kind>
         <file>rts430x_lc_rd_eabi.lib</file>
         <name>fs_cmp.asm.obj</name>
      </input_file>
      <input_file id="fl-61">
         <path>C:\ti\ccs1240\ccs\tools\compiler\ti-cgt-msp430_21.6.1.LTS\lib\</path>
         <kind>archive</kind>
         <file>rts430x_lc_rd_eabi.lib</file>
         <name>fs_div.asm.obj</name>
      </input_file>
      <input_file id="fl-62">
         <path>C:\ti\ccs1240\ccs\tools\compiler\ti-cgt-msp430_21.6.1.LTS\lib\</path>
         <kind>archive</kind>
         <file>rts430x_lc_rd_eabi.lib</file>
         <name>fs_mpy.asm.obj</name>
      </input_file>
      <input_file id="fl-63">
         <path>C:\ti\ccs1240\ccs\tools\compiler\ti-cgt-msp430_21.6.1.LTS\lib\</path>
         <kind>archive</kind>
         <file>rts430x_lc_rd_eabi.lib</file>
         <name>fs_tou.asm.obj</name>
      </input_file>
      <input_file id="fl-64">
         <path>C:\ti\ccs1240\ccs\tools\compiler\ti-cgt-msp430_21.6.1.LTS\lib\</path>
         <kind>archive</kind>
         <file>rts430x_lc_rd_eabi.lib</file>
         <name>int41.asm.obj</name>
      </input_file>
      <input_file id="fl-65">
         <path>C:\ti\ccs1240\ccs\tools\compiler\ti-cgt-msp430_21.6.1.LTS\lib\</path>
         <kind>archive</kind>
         <file>rts430x_lc_rd_eabi.lib</file>
         <name>int43.asm.obj</name>
      </input_file>
      <input_file id="fl-66">
         <path>C:\ti\ccs1240\ccs\tools\compiler\ti-cgt-msp430_21.6.1.LTS\lib\</path>
         <kind>archive</kind>
         <file>rts430x_lc_rd_eabi.lib</file>
         <name>int45.asm.obj</name>
      </input_file>
      <input_file id="fl-67">
         <path>C:\ti\ccs1240\ccs\tools\compiler\ti-cgt-msp430_21.6.1.LTS\lib\</path>
         <kind>archive</kind>
         <file>rts430x_lc_rd_eabi.lib</file>
         <name>int48.asm.obj</name>
      </input_file>
      <input_file id="fl-68">
         <path>C:\ti\ccs1240\ccs\tools\compiler\ti-cgt-msp430_21.6.1.LTS\lib\</path>
         <kind>archive</kind>
         <file>rts430x_lc_rd_eabi.lib</file>
         <name>int49.asm.obj</name>
      </input_file>
      <input_file id="fl-69">
         <path>C:\ti\ccs1240\ccs\tools\compiler\ti-cgt-msp430_21.6.1.LTS\lib\</path>
         <kind>archive</kind>
         <file>rts430x_lc_rd_eabi.lib</file>
         <name>int50.asm.obj</name>
      </input_file>
      <input_file id="fl-6a">
         <path>C:\ti\ccs1240\ccs\tools\compiler\ti-cgt-msp430_21.6.1.LTS\lib\</path>
         <kind>archive</kind>
         <file>rts430x_lc_rd_eabi.lib</file>
         <name>int51.asm.obj</name>
      </input_file>
      <input_file id="fl-6b">
         <path>C:\ti\ccs1240\ccs\tools\compiler\ti-cgt-msp430_21.6.1.LTS\lib\</path>
         <kind>archive</kind>
         <file>rts430x_lc_rd_eabi.lib</file>
         <name>int52.asm.obj</name>
      </input_file>
      <input_file id="fl-6c">
         <path>C:\ti\ccs1240\ccs\tools\compiler\ti-cgt-msp430_21.6.1.LTS\lib\</path>
         <kind>archive</kind>
         <file>rts430x_lc_rd_eabi.lib</file>
         <name>int54.asm.obj</name>
      </input_file>
      <input_file id="fl-6d">
         <path>C:\ti\ccs1240\ccs\tools\compiler\ti-cgt-msp430_21.6.1.LTS\lib\</path>
         <kind>archive</kind>
         <file>rts430x_lc_rd_eabi.lib</file>
         <name>int55.asm.obj</name>
      </input_file>
      <input_file id="fl-6e">
         <path>C:\ti\ccs1240\ccs\tools\compiler\ti-cgt-msp430_21.6.1.LTS\lib\</path>
         <kind>archive</kind>
         <file>rts430x_lc_rd_eabi.lib</file>
         <name>int56.asm.obj</name>
      </input_file>
      <input_file id="fl-6f">
         <path>C:\ti\ccs1240\ccs\tools\compiler\ti-cgt-msp430_21.6.1.LTS\lib\</path>
         <kind>archive</kind>
         <file>rts430x_lc_rd_eabi.lib</file>
         <name>int57.asm.obj</name>
      </input_file>
      <input_file id="fl-70">
         <path>C:\ti\ccs1240\ccs\tools\compiler\ti-cgt-msp430_21.6.1.LTS\lib\</path>
         <kind>archive</kind>
         <file>rts430x_lc_rd_eabi.lib</file>
         <name>int58.asm.obj</name>
      </input_file>
      <input_file id="fl-71">
         <path>C:\ti\ccs1240\ccs\tools\compiler\ti-cgt-msp430_21.6.1.LTS\lib\</path>
         <kind>archive</kind>
         <file>rts430x_lc_rd_eabi.lib</file>
         <name>int59.asm.obj</name>
      </input_file>
      <input_file id="fl-72">
         <path>C:\ti\ccs1240\ccs\tools\compiler\ti-cgt-msp430_21.6.1.LTS\lib\</path>
         <kind>archive</kind>
         <file>rts430x_lc_rd_eabi.lib</file>
         <name>int60.asm.obj</name>
      </input_file>
      <input_file id="fl-73">
         <path>C:\ti\ccs1240\ccs\tools\compiler\ti-cgt-msp430_21.6.1.LTS\lib\</path>
         <kind>archive</kind>
         <file>rts430x_lc_rd_eabi.lib</file>
         <name>int61.asm.obj</name>
      </input_file>
      <input_file id="fl-74">
         <path>C:\ti\ccs1240\ccs\tools\compiler\ti-cgt-msp430_21.6.1.LTS\lib\</path>
         <kind>archive</kind>
         <file>rts430x_lc_rd_eabi.lib</file>
         <name>int62.asm.obj</name>
      </input_file>
      <input_file id="fl-75">
         <path>C:\ti\ccs1240\ccs\tools\compiler\ti-cgt-msp430_21.6.1.LTS\lib\</path>
         <kind>archive</kind>
         <file>rts430x_lc_rd_eabi.lib</file>
         <name>isr_trap.asm.obj</name>
      </input_file>
      <input_file id="fl-76">
         <path>C:\ti\ccs1240\ccs\tools\compiler\ti-cgt-msp430_21.6.1.LTS\lib\</path>
         <kind>archive</kind>
         <file>rts430x_lc_rd_eabi.lib</file>
         <name>lsl16.asm.obj</name>
      </input_file>
      <input_file id="fl-77">
         <path>C:\ti\ccs1240\ccs\tools\compiler\ti-cgt-msp430_21.6.1.LTS\lib\</path>
         <kind>archive</kind>
         <file>rts430x_lc_rd_eabi.lib</file>
         <name>lsl32.asm.obj</name>
      </input_file>
      <input_file id="fl-78">
         <path>C:\ti\ccs1240\ccs\tools\compiler\ti-cgt-msp430_21.6.1.LTS\lib\</path>
         <kind>archive</kind>
         <file>rts430x_lc_rd_eabi.lib</file>
         <name>lsr32.asm.obj</name>
      </input_file>
      <input_file id="fl-79">
         <path>C:\ti\ccs1240\ccs\tools\compiler\ti-cgt-msp430_21.6.1.LTS\lib\</path>
         <kind>archive</kind>
         <file>rts430x_lc_rd_eabi.lib</file>
         <name>mult16.asm.obj</name>
      </input_file>
      <input_file id="fl-7a">
         <path>C:\ti\ccs1240\ccs\tools\compiler\ti-cgt-msp430_21.6.1.LTS\lib\</path>
         <kind>archive</kind>
         <file>rts430x_lc_rd_eabi.lib</file>
         <name>mult16_f5hw.asm.obj</name>
      </input_file>
      <input_file id="fl-7b">
         <path>C:\ti\ccs1240\ccs\tools\compiler\ti-cgt-msp430_21.6.1.LTS\lib\</path>
         <kind>archive</kind>
         <file>rts430x_lc_rd_eabi.lib</file>
         <name>mult1632_f5hw.asm.obj</name>
      </input_file>
      <input_file id="fl-7c">
         <path>C:\ti\ccs1240\ccs\tools\compiler\ti-cgt-msp430_21.6.1.LTS\lib\</path>
         <kind>archive</kind>
         <file>rts430x_lc_rd_eabi.lib</file>
         <name>mult32.asm.obj</name>
      </input_file>
      <input_file id="fl-7d">
         <path>C:\ti\ccs1240\ccs\tools\compiler\ti-cgt-msp430_21.6.1.LTS\lib\</path>
         <kind>archive</kind>
         <file>rts430x_lc_rd_eabi.lib</file>
         <name>mult32_f5hw.asm.obj</name>
      </input_file>
      <input_file id="fl-7e">
         <path>C:\ti\ccs1240\ccs\tools\compiler\ti-cgt-msp430_21.6.1.LTS\lib\</path>
         <kind>archive</kind>
         <file>rts430x_lc_rd_eabi.lib</file>
         <name>mult3264_f5hw.asm.obj</name>
      </input_file>
      <input_file id="fl-7f">
         <path>C:\ti\ccs1240\ccs\tools\compiler\ti-cgt-msp430_21.6.1.LTS\lib\</path>
         <kind>archive</kind>
         <file>rts430x_lc_rd_eabi.lib</file>
         <name>mult64_f5hw.asm.obj</name>
      </input_file>
      <input_file id="fl-80">
         <path>C:\ti\ccs1240\ccs\tools\compiler\ti-cgt-msp430_21.6.1.LTS\lib\</path>
         <kind>archive</kind>
         <file>rts430x_lc_rd_eabi.lib</file>
         <name>boot.c.obj</name>
      </input_file>
      <input_file id="fl-81">
         <path>C:\ti\ccs1240\ccs\tools\compiler\ti-cgt-msp430_21.6.1.LTS\lib\</path>
         <kind>archive</kind>
         <file>rts430x_lc_rd_eabi.lib</file>
         <name>autoinit.c.obj</name>
      </input_file>
      <input_file id="fl-82">
         <path>C:\ti\ccs1240\ccs\tools\compiler\ti-cgt-msp430_21.6.1.LTS\lib\</path>
         <kind>archive</kind>
         <file>rts430x_lc_rd_eabi.lib</file>
         <name>copy_zero_init.c.obj</name>
      </input_file>
      <input_file id="fl-83">
         <path>C:\ti\ccs1240\ccs\tools\compiler\ti-cgt-msp430_21.6.1.LTS\lib\</path>
         <kind>archive</kind>
         <file>rts430x_lc_rd_eabi.lib</file>
         <name>cpy_tbl.c.obj</name>
      </input_file>
      <input_file id="fl-84">
         <path>C:\ti\ccs1240\ccs\tools\compiler\ti-cgt-msp430_21.6.1.LTS\lib\</path>
         <kind>archive</kind>
         <file>rts430x_lc_rd_eabi.lib</file>
         <name>mpu_init.c.obj</name>
      </input_file>
      <input_file id="fl-85">
         <path>C:\ti\ccs1240\ccs\tools\compiler\ti-cgt-msp430_21.6.1.LTS\lib\</path>
         <kind>archive</kind>
         <file>rts430x_lc_rd_eabi.lib</file>
         <name>startup.c.obj</name>
      </input_file>
      <input_file id="fl-86">
         <path>C:\ti\ccs1240\ccs\tools\compiler\ti-cgt-msp430_21.6.1.LTS\lib\</path>
         <kind>archive</kind>
         <file>rts430x_lc_rd_eabi.lib</file>
         <name>copy_decompress_none.c.obj</name>
      </input_file>
      <input_file id="fl-87">
         <path>C:\ti\ccs1240\ccs\tools\compiler\ti-cgt-msp430_21.6.1.LTS\lib\</path>
         <kind>archive</kind>
         <file>rts430x_lc_rd_eabi.lib</file>
         <name>copy_decompress_lzss.c.obj</name>
      </input_file>
      <input_file id="fl-88">
         <path>C:\ti\ccs1240\ccs\tools\compiler\ti-cgt-msp430_21.6.1.LTS\lib\</path>
         <kind>archive</kind>
         <file>rts430x_lc_rd_eabi.lib</file>
         <name>exit.c.obj</name>
      </input_file>
      <input_file id="fl-89">
         <path>C:\ti\ccs1240\ccs\tools\compiler\ti-cgt-msp430_21.6.1.LTS\lib\</path>
         <kind>archive</kind>
         <file>rts430x_lc_rd_eabi.lib</file>
         <name>_lock.c.obj</name>
      </input_file>
      <input_file id="fl-8a">
         <path>C:\ti\ccs1240\ccs\tools\compiler\ti-cgt-msp430_21.6.1.LTS\lib\</path>
         <kind>archive</kind>
         <file>rts430x_lc_rd_eabi.lib</file>
         <name>args_main.c.obj</name>
      </input_file>
      <input_file id="fl-8b">
         <path>C:\ti\ccs1240\ccs\tools\compiler\ti-cgt-msp430_21.6.1.LTS\lib\</path>
         <kind>archive</kind>
         <file>rts430x_lc_rd_eabi.lib</file>
         <name>memcpy.c.obj</name>
      </input_file>
      <input_file id="fl-8c">
         <path>C:\ti\ccs1240\ccs\tools\compiler\ti-cgt-msp430_21.6.1.LTS\lib\</path>
         <kind>archive</kind>
         <file>rts430x_lc_rd_eabi.lib</file>
         <name>memset.c.obj</name>
      </input_file>
      <input_file id="fl-8d">
         <path>C:\ti\ccs1240\ccs\tools\compiler\ti-cgt-msp430_21.6.1.LTS\lib\</path>
         <kind>archive</kind>
         <file>rts430x_lc_rd_eabi.lib</file>
         <name>strcmp.c.obj</name>
      </input_file>
      <input_file id="fl-8e">
         <path>C:\ti\ccs1240\ccs\tools\compiler\ti-cgt-msp430_21.6.1.LTS\lib\</path>
         <kind>archive</kind>
         <file>rts430x_lc_rd_eabi.lib</file>
         <name>strcpy.c.obj</name>
      </input_file>
      <input_file id="fl-8f">
         <path>C:\ti\ccs1240\ccs\tools\compiler\ti-cgt-msp430_21.6.1.LTS\lib\</path>
         <kind>archive</kind>
         <file>rts430x_lc_rd_eabi.lib</file>
         <name>strlen.c.obj</name>
      </input_file>
      <input_file id="fl-90">
         <path>C:\ti\ccs1240\ccs\tools\compiler\ti-cgt-msp430_21.6.1.LTS\lib\</path>
         <kind>archive</kind>
         <file>rts430x_lc_rd_eabi.lib</file>
         <name>strncmp.c.obj</name>
      </input_file>
      <input_file id="fl-91">
         <path>C:\ti\ccs1240\ccs\tools\compiler\ti-cgt-msp430_21.6.1.LTS\lib\</path>
         <kind>archive</kind>
         <file>rts430x_lc_rd_eabi.lib</file>
         <name>strtof.c.obj</name>
      </input_file>
      <input_file id="fl-92">
         <path>C:\ti\ccs1240\ccs\tools\compiler\ti-cgt-msp430_21.6.1.LTS\lib\</path>
         <kind>archive</kind>
         <file>rts430x_lc_rd_eabi.lib</file>
         <name>strtoul.c.obj</name>
      </input_file>
      <input_file id="fl-93">
         <path>C:\ti\ccs1240\ccs\tools\compiler\ti-cgt-msp430_21.6.1.LTS\lib\</path>
         <kind>archive</kind>
         <file>rts430x_lc_rd_eabi.lib</file>
         <name>toupper.c.obj</name>
      </input_file>
      <input_file id="fl-94">
         <path>C:\ti\ccs1240\ccs\tools\compiler\ti-cgt-msp430_21.6.1.LTS\lib\</path>
         <kind>archive</kind>
         <file>rts430x_lc_rd_eabi.lib</file>
         <name>abs.c.obj</name>
      </input_file>
      <input_file id="fl-95">
         <path>C:\ti\ccs1240\ccs\tools\compiler\ti-cgt-msp430_21.6.1.LTS\lib\</path>
         <kind>archive</kind>
         <file>rts430x_lc_rd_eabi.lib</file>
         <name>errno.c.obj</name>
      </input_file>
      <input_file id="fl-96">
         <path>C:\ti\ccs1240\ccs\tools\compiler\ti-cgt-msp430_21.6.1.LTS\lib\</path>
         <kind>archive</kind>
         <file>rts430x_lc_rd_eabi.lib</file>
         <name>_printfi.c.obj</name>
      </input_file>
      <input_file id="fl-97">
         <path>C:\ti\ccs1240\ccs\tools\compiler\ti-cgt-msp430_21.6.1.LTS\lib\</path>
         <kind>archive</kind>
         <file>rts430x_lc_rd_eabi.lib</file>
         <name>s_frexp.c.obj</name>
      </input_file>
      <input_file id="fl-98">
         <path>C:\ti\ccs1240\ccs\tools\compiler\ti-cgt-msp430_21.6.1.LTS\lib\</path>
         <kind>archive</kind>
         <file>rts430x_lc_rd_eabi.lib</file>
         <name>s_scalbn.c.obj</name>
      </input_file>
      <input_file id="fl-99">
         <path>C:\ti\ccs1240\ccs\tools\compiler\ti-cgt-msp430_21.6.1.LTS\lib\</path>
         <kind>archive</kind>
         <file>rts430x_lc_rd_eabi.lib</file>
         <name>s_scalbnf.c.obj</name>
      </input_file>
      <input_file id="fl-9a">
         <path>C:\ti\ccs1240\ccs\tools\compiler\ti-cgt-msp430_21.6.1.LTS\lib\</path>
         <kind>archive</kind>
         <file>rts430x_lc_rd_eabi.lib</file>
         <name>s_copysignf.c.obj</name>
      </input_file>
      <input_file id="fl-9b">
         <path>C:\ti\ccs1240\ccs\tools\compiler\ti-cgt-msp430_21.6.1.LTS\lib\</path>
         <kind>archive</kind>
         <file>rts430x_lc_rd_eabi.lib</file>
         <name>s_copysign.c.obj</name>
      </input_file>
      <input_file id="fl-9c">
         <path>C:\ti\ccs1240\ccs\tools\compiler\ti-cgt-msp430_21.6.1.LTS\lib\</path>
         <kind>archive</kind>
         <file>rts430x_lc_rd_eabi.lib</file>
         <name>wcslen.c.obj</name>
      </input_file>
      <input_file id="fl-9d">
         <path>C:\ti\ccs1240\ccs\tools\compiler\ti-cgt-msp430_21.6.1.LTS\lib\</path>
         <kind>archive</kind>
         <file>rts430x_lc_rd_eabi.lib</file>
         <name>fs_add.asm.obj</name>
      </input_file>
      <input_file id="fl-9e">
         <path>C:\ti\ccs1240\ccs\tools\compiler\ti-cgt-msp430_21.6.1.LTS\lib\</path>
         <kind>archive</kind>
         <file>rts430x_lc_rd_eabi.lib</file>
         <name>fs_neg.asm.obj</name>
      </input_file>
      <input_file id="fl-9f">
         <path>C:\ti\ccs1240\ccs\tools\compiler\ti-cgt-msp430_21.6.1.LTS\lib\</path>
         <kind>archive</kind>
         <file>rts430x_lc_rd_eabi.lib</file>
         <name>exit_gvars.c.obj</name>
      </input_file>
      <input_file id="fl-a0">
         <path>C:\ti\ccs1240\ccs\tools\compiler\ti-cgt-msp430_21.6.1.LTS\lib\</path>
         <kind>archive</kind>
         <file>rts430x_lc_rd_eabi.lib</file>
         <name>lsr64.c.obj</name>
      </input_file>
      <input_file id="fl-a1">
         <path>C:\ti\ccs1240\ccs\tools\compiler\ti-cgt-msp430_21.6.1.LTS\lib\</path>
         <kind>archive</kind>
         <file>rts430x_lc_rd_eabi.lib</file>
         <name>div64u.c.obj</name>
      </input_file>
      <input_file id="fl-a2">
         <path>C:\ti\ccs1240\ccs\tools\compiler\ti-cgt-msp430_21.6.1.LTS\lib\</path>
         <kind>archive</kind>
         <file>rts430x_lc_rd_eabi.lib</file>
         <name>addd.c.obj</name>
      </input_file>
      <input_file id="fl-a3">
         <path>C:\ti\ccs1240\ccs\tools\compiler\ti-cgt-msp430_21.6.1.LTS\lib\</path>
         <kind>archive</kind>
         <file>rts430x_lc_rd_eabi.lib</file>
         <name>cmpd.c.obj</name>
      </input_file>
      <input_file id="fl-a4">
         <path>C:\ti\ccs1240\ccs\tools\compiler\ti-cgt-msp430_21.6.1.LTS\lib\</path>
         <kind>archive</kind>
         <file>rts430x_lc_rd_eabi.lib</file>
         <name>divd.c.obj</name>
      </input_file>
      <input_file id="fl-a5">
         <path>C:\ti\ccs1240\ccs\tools\compiler\ti-cgt-msp430_21.6.1.LTS\lib\</path>
         <kind>archive</kind>
         <file>rts430x_lc_rd_eabi.lib</file>
         <name>fixdi.c.obj</name>
      </input_file>
      <input_file id="fl-a6">
         <path>C:\ti\ccs1240\ccs\tools\compiler\ti-cgt-msp430_21.6.1.LTS\lib\</path>
         <kind>archive</kind>
         <file>rts430x_lc_rd_eabi.lib</file>
         <name>fixdli.c.obj</name>
      </input_file>
      <input_file id="fl-a7">
         <path>C:\ti\ccs1240\ccs\tools\compiler\ti-cgt-msp430_21.6.1.LTS\lib\</path>
         <kind>archive</kind>
         <file>rts430x_lc_rd_eabi.lib</file>
         <name>fltid.c.obj</name>
      </input_file>
      <input_file id="fl-a8">
         <path>C:\ti\ccs1240\ccs\tools\compiler\ti-cgt-msp430_21.6.1.LTS\lib\</path>
         <kind>archive</kind>
         <file>rts430x_lc_rd_eabi.lib</file>
         <name>fltlid.c.obj</name>
      </input_file>
      <input_file id="fl-a9">
         <path>C:\ti\ccs1240\ccs\tools\compiler\ti-cgt-msp430_21.6.1.LTS\lib\</path>
         <kind>archive</kind>
         <file>rts430x_lc_rd_eabi.lib</file>
         <name>frcdivd.c.obj</name>
      </input_file>
      <input_file id="fl-aa">
         <path>C:\ti\ccs1240\ccs\tools\compiler\ti-cgt-msp430_21.6.1.LTS\lib\</path>
         <kind>archive</kind>
         <file>rts430x_lc_rd_eabi.lib</file>
         <name>mpyd.c.obj</name>
      </input_file>
      <input_file id="fl-ab">
         <path>C:\ti\ccs1240\ccs\tools\compiler\ti-cgt-msp430_21.6.1.LTS\lib\</path>
         <kind>archive</kind>
         <file>rts430x_lc_rd_eabi.lib</file>
         <name>negd.c.obj</name>
      </input_file>
      <input_file id="fl-ac">
         <path>C:\ti\ccs1240\ccs\tools\compiler\ti-cgt-msp430_21.6.1.LTS\lib\</path>
         <kind>archive</kind>
         <file>rts430x_lc_rd_eabi.lib</file>
         <name>subd.c.obj</name>
      </input_file>
      <input_file id="fl-ad">
         <path>C:\ti\ccs1240\ccs\tools\compiler\ti-cgt-msp430_21.6.1.LTS\lib\</path>
         <kind>archive</kind>
         <file>rts430x_lc_rd_eabi.lib</file>
         <name>_ltoa.c.obj</name>
      </input_file>
      <input_file id="fl-ae">
         <path>C:\ti\ccs1240\ccs\tools\compiler\ti-cgt-msp430_21.6.1.LTS\lib\</path>
         <kind>archive</kind>
         <file>rts430x_lc_rd_eabi.lib</file>
         <name>atoi.c.obj</name>
      </input_file>
      <input_file id="fl-af">
         <path>C:\ti\ccs1240\ccs\tools\compiler\ti-cgt-msp430_21.6.1.LTS\lib\</path>
         <kind>archive</kind>
         <file>rts430x_lc_rd_eabi.lib</file>
         <name>ctype.c.obj</name>
      </input_file>
      <input_file id="fl-b0">
         <path>C:\ti\ccs1240\ccs\tools\compiler\ti-cgt-msp430_21.6.1.LTS\lib\</path>
         <kind>archive</kind>
         <file>rts430x_lc_rd_eabi.lib</file>
         <name>memccpy.c.obj</name>
      </input_file>
      <input_file id="fl-b1">
         <path>C:\ti\ccs1240\ccs\tools\compiler\ti-cgt-msp430_21.6.1.LTS\lib\</path>
         <kind>archive</kind>
         <file>rts430x_lc_rd_eabi.lib</file>
         <name>strchr.c.obj</name>
      </input_file>
      <input_file id="fl-b2">
         <path>C:\ti\ccs1240\ccs\tools\compiler\ti-cgt-msp430_21.6.1.LTS\lib\</path>
         <kind>archive</kind>
         <file>rts430x_lc_rd_eabi.lib</file>
         <name>asr32.asm.obj</name>
      </input_file>
      <input_file id="fl-b3">
         <path>C:\ti\ccs1240\ccs\tools\compiler\ti-cgt-msp430_21.6.1.LTS\lib\</path>
         <kind>archive</kind>
         <file>rts430x_lc_rd_eabi.lib</file>
         <name>asr64.c.obj</name>
      </input_file>
      <input_file id="fl-b4">
         <path>C:\ti\ccs1240\ccs\tools\compiler\ti-cgt-msp430_21.6.1.LTS\lib\</path>
         <kind>archive</kind>
         <file>rts430x_lc_rd_eabi.lib</file>
         <name>lsl64.c.obj</name>
      </input_file>
      <input_file id="fl-b5">
         <path>C:\ti\ccs1240\ccs\tools\compiler\ti-cgt-msp430_21.6.1.LTS\lib\</path>
         <kind>archive</kind>
         <file>rts430x_lc_rd_eabi.lib</file>
         <name>frcmpyd.c.obj</name>
      </input_file>
      <input_file id="fl-b6">
         <path>C:\ti\ccs1240\ccs\tools\compiler\ti-cgt-msp430_21.6.1.LTS\lib\</path>
         <kind>archive</kind>
         <file>rts430x_lc_rd_eabi.lib</file>
         <name>mult3264.asm.obj</name>
      </input_file>
      <input_file id="fl-b7">
         <path>C:\ti\ccs1240\ccs\tools\compiler\ti-cgt-msp430_21.6.1.LTS\lib\</path>
         <kind>archive</kind>
         <file>rts430x_lc_rd_eabi.lib</file>
         <name>mult64.asm.obj</name>
      </input_file>
      <input_file id="fl-b8">
         <path>C:\ti\ccs1240\ccs\tools\compiler\ti-cgt-msp430_21.6.1.LTS\lib\</path>
         <kind>archive</kind>
         <file>rts430x_lc_rd_eabi.lib</file>
         <name>mult1632.asm.obj</name>
      </input_file>
   </input_file_list>
   <object_component_list>
      <object_component id="oc-66b">
         <name>.bss</name>
         <uninitialized>true</uninitialized>
         <run_address>0x3dfa</run_address>
         <size>0x4</size>
         <input_file_ref idref="fl-2"/>
      </object_component>
      <object_component id="oc-404">
         <name>.bss</name>
         <uninitialized>true</uninitialized>
         <run_address>0x3dd4</run_address>
         <size>0x8</size>
         <input_file_ref idref="fl-4"/>
      </object_component>
      <object_component id="oc-5d8">
         <name>.bss:pxReadyTasksLists</name>
         <uninitialized>true</uninitialized>
         <run_address>0x3d00</run_address>
         <size>0x40</size>
         <input_file_ref idref="fl-b"/>
      </object_component>
      <object_component id="oc-8e8">
         <name>.bss:xDelayedTaskList1</name>
         <uninitialized>true</uninitialized>
         <run_address>0x3d94</run_address>
         <size>0x10</size>
         <input_file_ref idref="fl-b"/>
      </object_component>
      <object_component id="oc-8eb">
         <name>.bss:xDelayedTaskList2</name>
         <uninitialized>true</uninitialized>
         <run_address>0x3da4</run_address>
         <size>0x10</size>
         <input_file_ref idref="fl-b"/>
      </object_component>
      <object_component id="oc-5c9">
         <name>.bss</name>
         <uninitialized>true</uninitialized>
         <run_address>0x3de4</run_address>
         <size>0x8</size>
         <input_file_ref idref="fl-b"/>
      </object_component>
      <object_component id="oc-5fe">
         <name>.bss:xPendingReadyList</name>
         <uninitialized>true</uninitialized>
         <run_address>0x3db4</run_address>
         <size>0x10</size>
         <input_file_ref idref="fl-b"/>
      </object_component>
      <object_component id="oc-81a">
         <name>.bss:xSuspendedTaskList</name>
         <uninitialized>true</uninitialized>
         <run_address>0x3dc4</run_address>
         <size>0x10</size>
         <input_file_ref idref="fl-b"/>
      </object_component>
      <object_component id="oc-895">
         <name>.bss:xActiveTimerList1</name>
         <uninitialized>true</uninitialized>
         <run_address>0x3d74</run_address>
         <size>0x10</size>
         <input_file_ref idref="fl-c"/>
      </object_component>
      <object_component id="oc-89e">
         <name>.bss:xActiveTimerList2</name>
         <uninitialized>true</uninitialized>
         <run_address>0x3d84</run_address>
         <size>0x10</size>
         <input_file_ref idref="fl-c"/>
      </object_component>
      <object_component id="oc-8a1">
         <name>.bss</name>
         <uninitialized>true</uninitialized>
         <run_address>0x3dec</run_address>
         <size>0x8</size>
         <input_file_ref idref="fl-c"/>
      </object_component>
      <object_component id="oc-8cf">
         <name>.bss:ucHeap</name>
         <uninitialized>true</uninitialized>
         <run_address>0x2400</run_address>
         <size>0x1800</size>
         <input_file_ref idref="fl-f"/>
      </object_component>
      <object_component id="oc-836">
         <name>.bss:xStart</name>
         <uninitialized>true</uninitialized>
         <run_address>0x3df4</run_address>
         <size>0x6</size>
         <input_file_ref idref="fl-f"/>
      </object_component>
      <object_component id="oc-881">
         <name>.bss:g_ppcArgv</name>
         <uninitialized>true</uninitialized>
         <run_address>0x3d40</run_address>
         <size>0x24</size>
         <input_file_ref idref="fl-39"/>
      </object_component>
      <object_component id="oc-422">
         <name>.bss</name>
         <uninitialized>true</uninitialized>
         <run_address>0x3ddc</run_address>
         <size>0x8</size>
         <input_file_ref idref="fl-3a"/>
      </object_component>
      <object_component id="oc-87d">
         <name>.bss:g_pcUARTRxHistoryBuffer</name>
         <uninitialized>true</uninitialized>
         <run_address>0x3c00</run_address>
         <size>0x100</size>
         <input_file_ref idref="fl-3a"/>
      </object_component>
      <object_component id="oc-87a">
         <name>.bss:g_usUARTRxHistoryOffset</name>
         <uninitialized>true</uninitialized>
         <run_address>0x3d64</run_address>
         <size>0x10</size>
         <input_file_ref idref="fl-3a"/>
      </object_component>
      <object_component id="oc-4b1">
         <name>.data</name>
         <load_address>0x3dfe</load_address>
         <run_address>0x3dfe</run_address>
         <size>0x24</size>
         <input_file_ref idref="fl-b"/>
      </object_component>
      <object_component id="oc-49b">
         <name>.data</name>
         <load_address>0x3e30</load_address>
         <run_address>0x3e30</run_address>
         <size>0xa</size>
         <input_file_ref idref="fl-c"/>
      </object_component>
      <object_component id="oc-4ae">
         <name>.data</name>
         <load_address>0x3e42</load_address>
         <run_address>0x3e42</run_address>
         <size>0x2</size>
         <input_file_ref idref="fl-d"/>
      </object_component>
      <object_component id="oc-82d">
         <name>.data</name>
         <load_address>0x3e22</load_address>
         <run_address>0x3e22</run_address>
         <size>0xe</size>
         <input_file_ref idref="fl-f"/>
      </object_component>
      <object_component id="oc-41e">
         <name>.data:StatsOverflowCount</name>
         <load_address>0x3e3a</load_address>
         <run_address>0x3e3a</run_address>
         <size>0x4</size>
         <input_file_ref idref="fl-38"/>
      </object_component>
      <object_component id="oc-877">
         <name>.data</name>
         <load_address>0x3e3e</load_address>
         <run_address>0x3e3e</run_address>
         <size>0x4</size>
         <input_file_ref idref="fl-3a"/>
      </object_component>
      <object_component id="oc-99b">
         <name>.data</name>
         <load_address>0x3e44</load_address>
         <run_address>0x3e44</run_address>
         <size>0x2</size>
         <input_file_ref idref="fl-95"/>
      </object_component>
      <object_component id="oc-36b">
         <name>.stack</name>
         <uninitialized>true</uninitialized>
         <run_address>0x4360</run_address>
         <size>0x4</size>
         <input_file_ref idref="fl-80"/>
      </object_component>
      <object_component id="oc-cc0">
         <name>.stack</name>
         <uninitialized>true</uninitialized>
         <run_address>0x4360</run_address>
         <size>0x0</size>
      </object_component>
      <object_component id="oc-c06">
         <name>.text:__mspabi_addd</name>
         <load_address>0x10000</load_address>
         <run_address>0x10000</run_address>
         <size>0x72a</size>
         <input_file_ref idref="fl-a2"/>
      </object_component>
      <object_component id="oc-bdb">
         <name>.text:__TI_frcdivd</name>
         <load_address>0x1072a</load_address>
         <run_address>0x1072a</run_address>
         <size>0x468</size>
         <input_file_ref idref="fl-a9"/>
      </object_component>
      <object_component id="oc-961">
         <name>.text:strtof</name>
         <load_address>0x10b92</load_address>
         <run_address>0x10b92</run_address>
         <size>0x406</size>
         <input_file_ref idref="fl-91"/>
      </object_component>
      <object_component id="oc-b46">
         <name>.text:__mspabi_divull</name>
         <load_address>0x10f98</load_address>
         <run_address>0x10f98</run_address>
         <size>0x34e</size>
         <input_file_ref idref="fl-a1"/>
      </object_component>
      <object_component id="oc-54a">
         <name>.text:xSerialvPrintf</name>
         <load_address>0x112e6</load_address>
         <run_address>0x112e6</run_address>
         <size>0x2f6</size>
         <input_file_ref idref="fl-3a"/>
      </object_component>
      <object_component id="oc-a45">
         <name>.text:__TI_printfi:__TI_printfi</name>
         <load_address>0x115dc</load_address>
         <run_address>0x115dc</run_address>
         <size>0x2a6</size>
         <input_file_ref idref="fl-96"/>
      </object_component>
      <object_component id="oc-b7d">
         <name>.text:__mspabi_mpyd</name>
         <load_address>0x11882</load_address>
         <run_address>0x11882</run_address>
         <size>0x292</size>
         <input_file_ref idref="fl-aa"/>
      </object_component>
      <object_component id="oc-a90">
         <name>.text:__TI_printfi:_setfield___TI_printfi</name>
         <load_address>0x11b14</load_address>
         <run_address>0x11b14</run_address>
         <size>0x27a</size>
         <input_file_ref idref="fl-96"/>
      </object_component>
      <object_component id="oc-add">
         <name>.text:_pproc_fgea</name>
         <load_address>0x11d8e</load_address>
         <run_address>0x11d8e</run_address>
         <size>0x268</size>
         <input_file_ref idref="fl-96"/>
      </object_component>
      <object_component id="oc-b90">
         <name>.text:acvt</name>
         <load_address>0x11ff6</load_address>
         <run_address>0x11ff6</run_address>
         <size>0x224</size>
         <input_file_ref idref="fl-96"/>
      </object_component>
      <object_component id="oc-b83">
         <name>.text:__mspabi_divd</name>
         <load_address>0x1221a</load_address>
         <run_address>0x1221a</run_address>
         <size>0x21c</size>
         <input_file_ref idref="fl-a4"/>
      </object_component>
      <object_component id="oc-7c8">
         <name>.text:xSerialGetStringWithHistory</name>
         <load_address>0x12436</load_address>
         <run_address>0x12436</run_address>
         <size>0x20a</size>
         <input_file_ref idref="fl-3a"/>
      </object_component>
      <object_component id="oc-b09">
         <name>.text:__TI_printfi:_getarg_diouxp___TI_printfi</name>
         <load_address>0x12640</load_address>
         <run_address>0x12640</run_address>
         <size>0x206</size>
         <input_file_ref idref="fl-96"/>
      </object_component>
      <object_component id="oc-b5d">
         <name>.text:ecvt</name>
         <load_address>0x12846</load_address>
         <run_address>0x12846</run_address>
         <size>0x1e6</size>
         <input_file_ref idref="fl-96"/>
      </object_component>
      <object_component id="oc-95b">
         <name>.text:strtoul</name>
         <load_address>0x12a2c</load_address>
         <run_address>0x12a2c</run_address>
         <size>0x1cc</size>
         <input_file_ref idref="fl-92"/>
      </object_component>
      <object_component id="oc-b70">
         <name>.text:fcvt</name>
         <load_address>0x12bf8</load_address>
         <run_address>0x12bf8</run_address>
         <size>0x1c8</size>
         <input_file_ref idref="fl-96"/>
      </object_component>
      <object_component id="oc-b28">
         <name>.text:_pconv_e</name>
         <load_address>0x12dc0</load_address>
         <run_address>0x12dc0</run_address>
         <size>0x1a2</size>
         <input_file_ref idref="fl-96"/>
      </object_component>
      <object_component id="oc-482">
         <name>.text:xQueueGenericSend</name>
         <load_address>0x12f62</load_address>
         <run_address>0x12f62</run_address>
         <size>0x182</size>
         <input_file_ref idref="fl-9"/>
      </object_component>
      <object_component id="oc-b2e">
         <name>.text:_pconv_a</name>
         <load_address>0x130e4</load_address>
         <run_address>0x130e4</run_address>
         <size>0x170</size>
         <input_file_ref idref="fl-96"/>
      </object_component>
      <object_component id="oc-78e">
         <name>.text:xQueueReceive</name>
         <load_address>0x13254</load_address>
         <run_address>0x13254</run_address>
         <size>0x16e</size>
         <input_file_ref idref="fl-9"/>
      </object_component>
      <object_component id="oc-bd3">
         <name>.text:__TI_frcmpyd</name>
         <load_address>0x133c2</load_address>
         <run_address>0x133c2</run_address>
         <size>0x164</size>
         <input_file_ref idref="fl-b5"/>
      </object_component>
      <object_component id="oc-be5">
         <name>.text:scalbn</name>
         <load_address>0x13526</load_address>
         <run_address>0x13526</run_address>
         <size>0x15a</size>
         <input_file_ref idref="fl-98"/>
      </object_component>
      <object_component id="oc-ad7">
         <name>.text:__TI_printfi:_pproc_diouxp___TI_printfi</name>
         <load_address>0x13680</load_address>
         <run_address>0x13680</run_address>
         <size>0x148</size>
         <input_file_ref idref="fl-96"/>
      </object_component>
      <object_component id="oc-9a9">
         <name>.text</name>
         <load_address>0x137c8</load_address>
         <run_address>0x137c8</run_address>
         <size>0x132</size>
         <input_file_ref idref="fl-9d"/>
      </object_component>
      <object_component id="oc-8fe">
         <name>.text:Cmd_led</name>
         <load_address>0x138fa</load_address>
         <run_address>0x138fa</run_address>
         <size>0x12e</size>
         <input_file_ref idref="fl-2"/>
      </object_component>
      <object_component id="oc-b0f">
         <name>.text:__TI_printfi:_ltostr___TI_printfi</name>
         <load_address>0x13a28</load_address>
         <run_address>0x13a28</run_address>
         <size>0x128</size>
         <input_file_ref idref="fl-96"/>
      </object_component>
      <object_component id="oc-976">
         <name>.text:vTaskGetRunTimeStats</name>
         <load_address>0x13b50</load_address>
         <run_address>0x13b50</run_address>
         <size>0x126</size>
         <input_file_ref idref="fl-b"/>
      </object_component>
      <object_component id="oc-8b1">
         <name>.text:prvProcessReceivedCommands</name>
         <load_address>0x13c76</load_address>
         <run_address>0x13c76</run_address>
         <size>0x122</size>
         <input_file_ref idref="fl-c"/>
      </object_component>
      <object_component id="oc-4ba">
         <name>.text:vTaskSwitchContext</name>
         <load_address>0x13d98</load_address>
         <run_address>0x13d98</run_address>
         <size>0x11c</size>
         <input_file_ref idref="fl-b"/>
      </object_component>
      <object_component id="oc-96f">
         <name>.text:vTaskList</name>
         <load_address>0x13eb4</load_address>
         <run_address>0x13eb4</run_address>
         <size>0x108</size>
         <input_file_ref idref="fl-b"/>
      </object_component>
      <object_component id="oc-4f0">
         <name>.text:xSerialPortInitMinimal</name>
         <load_address>0x13fbc</load_address>
         <run_address>0x13fbc</run_address>
         <size>0x108</size>
         <input_file_ref idref="fl-3a"/>
      </object_component>
      <object_component id="oc-b1c">
         <name>.text:_pconv_g</name>
         <load_address>0x140c4</load_address>
         <run_address>0x140c4</run_address>
         <size>0xfc</size>
         <input_file_ref idref="fl-96"/>
      </object_component>
      <object_component id="oc-66e">
         <name>.text:LEDsOnOff</name>
         <load_address>0x141c0</load_address>
         <run_address>0x141c0</run_address>
         <size>0xec</size>
         <input_file_ref idref="fl-2"/>
      </object_component>
      <object_component id="oc-a8a">
         <name>.text:__TI_printfi:_pproc_fwp___TI_printfi</name>
         <load_address>0x142ac</load_address>
         <run_address>0x142ac</run_address>
         <size>0xea</size>
         <input_file_ref idref="fl-96"/>
      </object_component>
      <object_component id="oc-4b4">
         <name>.text:xTaskIncrementTick</name>
         <load_address>0x14396</load_address>
         <run_address>0x14396</run_address>
         <size>0xe8</size>
         <input_file_ref idref="fl-b"/>
      </object_component>
      <object_component id="oc-9b6">
         <name>.text:scalbnf</name>
         <load_address>0x1447e</load_address>
         <run_address>0x1447e</run_address>
         <size>0xe4</size>
         <input_file_ref idref="fl-99"/>
      </object_component>
      <object_component id="oc-755">
         <name>.text:UCS_initFLL</name>
         <load_address>0x14562</load_address>
         <run_address>0x14562</run_address>
         <size>0xe2</size>
         <input_file_ref idref="fl-32"/>
      </object_component>
      <object_component id="oc-729">
         <name>.text:PMM_setVCoreUp</name>
         <load_address>0x14644</load_address>
         <run_address>0x14644</run_address>
         <size>0xe0</size>
         <input_file_ref idref="fl-24"/>
      </object_component>
      <object_component id="oc-775">
         <name>.text:pvPortMalloc</name>
         <load_address>0x14724</load_address>
         <run_address>0x14724</run_address>
         <size>0xe0</size>
         <input_file_ref idref="fl-f"/>
      </object_component>
      <object_component id="oc-7bb">
         <name>.text:prvInitialiseNewTask</name>
         <load_address>0x14804</load_address>
         <run_address>0x14804</run_address>
         <size>0xdc</size>
         <input_file_ref idref="fl-b"/>
      </object_component>
      <object_component id="oc-b34">
         <name>.text:__mspabi_cmpd</name>
         <load_address>0x148e0</load_address>
         <run_address>0x148e0</run_address>
         <size>0xd8</size>
         <input_file_ref idref="fl-a3"/>
      </object_component>
      <object_component id="oc-64d">
         <name>.text:USCI_A_UART_init</name>
         <load_address>0x149b8</load_address>
         <run_address>0x149b8</run_address>
         <size>0xd6</size>
         <input_file_ref idref="fl-34"/>
      </object_component>
      <object_component id="oc-575">
         <name>.text:xTaskResumeAll</name>
         <load_address>0x14a8e</load_address>
         <run_address>0x14a8e</run_address>
         <size>0xd2</size>
         <input_file_ref idref="fl-b"/>
      </object_component>
      <object_component id="oc-61c">
         <name>.text:initPorts</name>
         <load_address>0x14b60</load_address>
         <run_address>0x14b60</run_address>
         <size>0xca</size>
         <input_file_ref idref="fl-3"/>
      </object_component>
      <object_component id="oc-a9c">
         <name>.text:__TI_printfi:_pproc_wstr___TI_printfi</name>
         <load_address>0x14c2a</load_address>
         <run_address>0x14c2a</run_address>
         <size>0xc8</size>
         <input_file_ref idref="fl-96"/>
      </object_component>
      <object_component id="oc-904">
         <name>.text:Cmd_blink</name>
         <load_address>0x14cf2</load_address>
         <run_address>0x14cf2</run_address>
         <size>0xb8</size>
         <input_file_ref idref="fl-2"/>
      </object_component>
      <object_component id="oc-79f">
         <name>.text</name>
         <load_address>0x14daa</load_address>
         <run_address>0x14daa</run_address>
         <size>0xb8</size>
         <input_file_ref idref="fl-62"/>
      </object_component>
      <object_component id="oc-841">
         <name>.text:xQueueGenericReset</name>
         <load_address>0x14e62</load_address>
         <run_address>0x14e62</run_address>
         <size>0xaa</size>
         <input_file_ref idref="fl-9"/>
      </object_component>
      <object_component id="oc-74a">
         <name>.text:UCS_initClockSignal</name>
         <load_address>0x14f0c</load_address>
         <run_address>0x14f0c</run_address>
         <size>0xa6</size>
         <input_file_ref idref="fl-32"/>
      </object_component>
      <object_component id="oc-a96">
         <name>.text:__TI_printfi:_pproc_str___TI_printfi</name>
         <load_address>0x14fb2</load_address>
         <run_address>0x14fb2</run_address>
         <size>0xa6</size>
         <input_file_ref idref="fl-96"/>
      </object_component>
      <object_component id="oc-b8a">
         <name>.text:frexp</name>
         <load_address>0x15058</load_address>
         <run_address>0x15058</run_address>
         <size>0xa6</size>
         <input_file_ref idref="fl-97"/>
      </object_component>
      <object_component id="oc-413">
         <name>.text</name>
         <load_address>0x150fe</load_address>
         <run_address>0x150fe</run_address>
         <size>0xa6</size>
         <input_file_ref idref="fl-e"/>
      </object_component>
      <object_component id="oc-67b">
         <name>.text:vUARTTask</name>
         <load_address>0x151a4</load_address>
         <run_address>0x151a4</run_address>
         <size>0xa6</size>
         <input_file_ref idref="fl-2"/>
      </object_component>
      <object_component id="oc-9c5">
         <name>.text:uxTaskGetSystemState</name>
         <load_address>0x1524a</load_address>
         <run_address>0x1524a</run_address>
         <size>0xa4</size>
         <input_file_ref idref="fl-b"/>
      </object_component>
      <object_component id="oc-72f">
         <name>.text:PMM_setVCoreDown</name>
         <load_address>0x152ee</load_address>
         <run_address>0x152ee</run_address>
         <size>0xa2</size>
         <input_file_ref idref="fl-24"/>
      </object_component>
      <object_component id="oc-56f">
         <name>.text:prvUnlockQueue</name>
         <load_address>0x15390</load_address>
         <run_address>0x15390</run_address>
         <size>0xa0</size>
         <input_file_ref idref="fl-9"/>
      </object_component>
      <object_component id="oc-bbc">
         <name>.text:__mspabi_fltlid</name>
         <load_address>0x15430</load_address>
         <run_address>0x15430</run_address>
         <size>0x9e</size>
         <input_file_ref idref="fl-a8"/>
      </object_component>
      <object_component id="oc-7c1">
         <name>.text:prvAddNewTaskToReadyList</name>
         <load_address>0x154ce</load_address>
         <run_address>0x154ce</run_address>
         <size>0x9c</size>
         <input_file_ref idref="fl-b"/>
      </object_component>
      <object_component id="oc-a2e">
         <name>.text:vTaskGetInfo</name>
         <load_address>0x1556a</load_address>
         <run_address>0x1556a</run_address>
         <size>0x9c</size>
         <input_file_ref idref="fl-b"/>
      </object_component>
      <object_component id="oc-4df">
         <name>.text:prvCopyDataToQueue</name>
         <load_address>0x15606</load_address>
         <run_address>0x15606</run_address>
         <size>0x9a</size>
         <input_file_ref idref="fl-9"/>
      </object_component>
      <object_component id="oc-b63">
         <name>.text:_ecpy</name>
         <load_address>0x156a0</load_address>
         <run_address>0x156a0</run_address>
         <size>0x90</size>
         <input_file_ref idref="fl-96"/>
      </object_component>
      <object_component id="oc-b69">
         <name>.text:_mcpy</name>
         <load_address>0x15730</load_address>
         <run_address>0x15730</run_address>
         <size>0x90</size>
         <input_file_ref idref="fl-96"/>
      </object_component>
      <object_component id="oc-a03">
         <name>.text:prvListTasksWithinSingleList</name>
         <load_address>0x157c0</load_address>
         <run_address>0x157c0</run_address>
         <size>0x90</size>
         <input_file_ref idref="fl-b"/>
      </object_component>
      <object_component id="oc-79a">
         <name>.text</name>
         <load_address>0x15850</load_address>
         <run_address>0x15850</run_address>
         <size>0x90</size>
         <input_file_ref idref="fl-61"/>
      </object_component>
      <object_component id="oc-985">
         <name>.text:prvSwitchTimerLists</name>
         <load_address>0x158e0</load_address>
         <run_address>0x158e0</run_address>
         <size>0x86</size>
         <input_file_ref idref="fl-c"/>
      </object_component>
      <object_component id="oc-42b">
         <name>.text:xQueueGenericSendFromISR</name>
         <load_address>0x15966</load_address>
         <run_address>0x15966</run_address>
         <size>0x86</size>
         <input_file_ref idref="fl-9"/>
      </object_component>
      <object_component id="oc-bb6">
         <name>.text:__TI_ltoa</name>
         <load_address>0x159ec</load_address>
         <run_address>0x159ec</run_address>
         <size>0x80</size>
         <input_file_ref idref="fl-ad"/>
      </object_component>
      <object_component id="oc-609">
         <name>.text:xTaskPriorityDisinherit</name>
         <load_address>0x15a6c</load_address>
         <run_address>0x15a6c</run_address>
         <size>0x80</size>
         <input_file_ref idref="fl-b"/>
      </object_component>
      <object_component id="oc-4d2">
         <name>.text:xTaskRemoveFromEventList</name>
         <load_address>0x15aec</load_address>
         <run_address>0x15aec</run_address>
         <size>0x80</size>
         <input_file_ref idref="fl-b"/>
      </object_component>
      <object_component id="oc-675">
         <name>.text:xTaskCreate</name>
         <load_address>0x15b6c</load_address>
         <run_address>0x15b6c</run_address>
         <size>0x7e</size>
         <input_file_ref idref="fl-b"/>
      </object_component>
      <object_component id="oc-b22">
         <name>.text:_pconv_f</name>
         <load_address>0x15bea</load_address>
         <run_address>0x15bea</run_address>
         <size>0x78</size>
         <input_file_ref idref="fl-96"/>
      </object_component>
      <object_component id="oc-7ce">
         <name>.text:CmdLineProcess</name>
         <load_address>0x15c62</load_address>
         <run_address>0x15c62</run_address>
         <size>0x76</size>
         <input_file_ref idref="fl-39"/>
      </object_component>
      <object_component id="oc-6d">
         <name>.text:decompress:lzss:__TI_decompress_lzss</name>
         <load_address>0x15cd8</load_address>
         <run_address>0x15cd8</run_address>
         <size>0x76</size>
         <input_file_ref idref="fl-87"/>
      </object_component>
      <object_component id="oc-a4f">
         <name>.text:eTaskGetState</name>
         <load_address>0x15d4e</load_address>
         <run_address>0x15d4e</run_address>
         <size>0x76</size>
         <input_file_ref idref="fl-b"/>
      </object_component>
      <object_component id="oc-93f">
         <name>.text:xTimerGenericCommand</name>
         <load_address>0x15dc4</load_address>
         <run_address>0x15dc4</run_address>
         <size>0x76</size>
         <input_file_ref idref="fl-c"/>
      </object_component>
      <object_component id="oc-569">
         <name>.text:xTaskCheckForTimeOut</name>
         <load_address>0x15e3a</load_address>
         <run_address>0x15e3a</run_address>
         <size>0x74</size>
         <input_file_ref idref="fl-b"/>
      </object_component>
      <object_component id="oc-425">
         <name>.text:xQueueReceiveFromISR</name>
         <load_address>0x15eae</load_address>
         <run_address>0x15eae</run_address>
         <size>0x70</size>
         <input_file_ref idref="fl-9"/>
      </object_component>
      <object_component id="oc-6fb">
         <name>.text:prvAddCurrentTaskToDelayedList</name>
         <load_address>0x15f1e</load_address>
         <run_address>0x15f1e</run_address>
         <size>0x6e</size>
         <input_file_ref idref="fl-b"/>
      </object_component>
      <object_component id="oc-4f6">
         <name>.text:initCommands</name>
         <load_address>0x15f8c</load_address>
         <run_address>0x15f8c</run_address>
         <size>0x68</size>
         <input_file_ref idref="fl-2"/>
      </object_component>
      <object_component id="oc-8ab">
         <name>.text:prvProcessTimerOrBlockTask</name>
         <load_address>0x15ff4</load_address>
         <run_address>0x15ff4</run_address>
         <size>0x68</size>
         <input_file_ref idref="fl-c"/>
      </object_component>
      <object_component id="oc-bb0">
         <name>.text:__mspabi_fixdli</name>
         <load_address>0x1605c</load_address>
         <run_address>0x1605c</run_address>
         <size>0x66</size>
         <input_file_ref idref="fl-a6"/>
      </object_component>
      <object_component id="oc-830">
         <name>.text:prvHeapInit</name>
         <load_address>0x160c2</load_address>
         <run_address>0x160c2</run_address>
         <size>0x66</size>
         <input_file_ref idref="fl-f"/>
      </object_component>
      <object_component id="oc-839">
         <name>.text:prvInsertBlockIntoFreeList</name>
         <load_address>0x16128</load_address>
         <run_address>0x16128</run_address>
         <size>0x66</size>
         <input_file_ref idref="fl-f"/>
      </object_component>
      <object_component id="oc-932">
         <name>.text:prvProcessExpiredTimer</name>
         <load_address>0x1618e</load_address>
         <run_address>0x1618e</run_address>
         <size>0x66</size>
         <input_file_ref idref="fl-c"/>
      </object_component>
      <object_component id="oc-ac0">
         <name>.text:atoi</name>
         <load_address>0x161f4</load_address>
         <run_address>0x161f4</run_address>
         <size>0x62</size>
         <input_file_ref idref="fl-ae"/>
      </object_component>
      <object_component id="oc-7b5">
         <name>.text:vPortFree</name>
         <load_address>0x16256</load_address>
         <run_address>0x16256</run_address>
         <size>0x60</size>
         <input_file_ref idref="fl-f"/>
      </object_component>
      <object_component id="oc-c0e">
         <name>.text:__mpyll</name>
         <load_address>0x162b6</load_address>
         <run_address>0x162b6</run_address>
         <size>0x5c</size>
         <input_file_ref idref="fl-7f"/>
      </object_component>
      <object_component id="oc-8f8">
         <name>.text:Cmd_help</name>
         <load_address>0x16312</load_address>
         <run_address>0x16312</run_address>
         <size>0x5a</size>
         <input_file_ref idref="fl-2"/>
      </object_component>
      <object_component id="oc-7dc">
         <name>.text:prvCheckForValidListAndQueue</name>
         <load_address>0x1636c</load_address>
         <run_address>0x1636c</run_address>
         <size>0x5a</size>
         <input_file_ref idref="fl-c"/>
      </object_component>
      <object_component id="oc-4fc">
         <name>.text:vTaskStartScheduler</name>
         <load_address>0x163c6</load_address>
         <run_address>0x163c6</run_address>
         <size>0x5a</size>
         <input_file_ref idref="fl-b"/>
      </object_component>
      <object_component id="oc-63e">
         <name>.text</name>
         <load_address>0x16420</load_address>
         <run_address>0x16420</run_address>
         <size>0x58</size>
         <input_file_ref idref="fl-5f"/>
      </object_component>
      <object_component id="oc-916">
         <name>.text:Cmd_stats</name>
         <load_address>0x16478</load_address>
         <run_address>0x16478</run_address>
         <size>0x56</size>
         <input_file_ref idref="fl-2"/>
      </object_component>
      <object_component id="oc-910">
         <name>.text:Cmd_tasks</name>
         <load_address>0x164ce</load_address>
         <run_address>0x164ce</run_address>
         <size>0x56</size>
         <input_file_ref idref="fl-2"/>
      </object_component>
      <object_component id="oc-62e">
         <name>.text:initButtons</name>
         <load_address>0x16524</load_address>
         <run_address>0x16524</run_address>
         <size>0x56</size>
         <input_file_ref idref="fl-3"/>
      </object_component>
      <object_component id="oc-527">
         <name>.text:__TI_auto_init_nobinit_nopinit_hold_wdt:__TI_auto_init_nobinit_nopinit_hold_wdt</name>
         <load_address>0x1657a</load_address>
         <run_address>0x1657a</run_address>
         <size>0x54</size>
         <input_file_ref idref="fl-81"/>
      </object_component>
      <object_component id="oc-616">
         <name>.text:PMM_setVCore</name>
         <load_address>0x165ce</load_address>
         <run_address>0x165ce</run_address>
         <size>0x52</size>
         <input_file_ref idref="fl-24"/>
      </object_component>
      <object_component id="oc-86a">
         <name>.text:prvInitialiseTaskLists</name>
         <load_address>0x16620</load_address>
         <run_address>0x16620</run_address>
         <size>0x50</size>
         <input_file_ref idref="fl-b"/>
      </object_component>
      <object_component id="oc-b76">
         <name>.text:_fcpy</name>
         <load_address>0x16670</load_address>
         <run_address>0x16670</run_address>
         <size>0x4e</size>
         <input_file_ref idref="fl-96"/>
      </object_component>
      <object_component id="oc-92c">
         <name>.text:vQueueWaitForMessageRestricted</name>
         <load_address>0x166be</load_address>
         <run_address>0x166be</run_address>
         <size>0x4e</size>
         <input_file_ref idref="fl-9"/>
      </object_component>
      <object_component id="oc-689">
         <name>.text:xTimerCreateTimerTask</name>
         <load_address>0x1670c</load_address>
         <run_address>0x1670c</run_address>
         <size>0x4e</size>
         <input_file_ref idref="fl-c"/>
      </object_component>
      <object_component id="oc-939">
         <name>.text:prvInsertTimerInActiveList</name>
         <load_address>0x1675a</load_address>
         <run_address>0x1675a</run_address>
         <size>0x4c</size>
         <input_file_ref idref="fl-c"/>
      </object_component>
      <object_component id="oc-628">
         <name>.text:initClocks</name>
         <load_address>0x167a6</load_address>
         <run_address>0x167a6</run_address>
         <size>0x4a</size>
         <input_file_ref idref="fl-3"/>
      </object_component>
      <object_component id="oc-956">
         <name>.text</name>
         <load_address>0x167f0</load_address>
         <run_address>0x167f0</run_address>
         <size>0x4a</size>
         <input_file_ref idref="fl-60"/>
      </object_component>
      <object_component id="oc-635">
         <name>.text:xQueueGenericCreate</name>
         <load_address>0x1683a</load_address>
         <run_address>0x1683a</run_address>
         <size>0x4a</size>
         <input_file_ref idref="fl-9"/>
      </object_component>
      <object_component id="oc-7a4">
         <name>.text</name>
         <load_address>0x16884</load_address>
         <run_address>0x16884</run_address>
         <size>0x46</size>
         <input_file_ref idref="fl-63"/>
      </object_component>
      <object_component id="oc-9d1">
         <name>.text:sprintf</name>
         <load_address>0x168ca</load_address>
         <run_address>0x168ca</run_address>
         <size>0x44</size>
         <input_file_ref idref="fl-5b"/>
      </object_component>
      <object_component id="oc-c36">
         <name>.text:__mspabi_srall</name>
         <load_address>0x1690e</load_address>
         <run_address>0x1690e</run_address>
         <size>0x40</size>
         <input_file_ref idref="fl-b3"/>
      </object_component>
      <object_component id="oc-bfd">
         <name>.text</name>
         <load_address>0x1694e</load_address>
         <run_address>0x1694e</run_address>
         <size>0x40</size>
         <input_file_ref idref="fl-5e"/>
      </object_component>
      <object_component id="oc-6f5">
         <name>.text:vListInsert</name>
         <load_address>0x1698e</load_address>
         <run_address>0x1698e</run_address>
         <size>0x40</size>
         <input_file_ref idref="fl-8"/>
      </object_component>
      <object_component id="oc-3fe">
         <name>.text:Button2_diferido</name>
         <load_address>0x169ce</load_address>
         <run_address>0x169ce</run_address>
         <size>0x3e</size>
         <input_file_ref idref="fl-4"/>
      </object_component>
      <object_component id="oc-762">
         <name>.text:GPIO_setAsInputPinWithPullUpResistor</name>
         <load_address>0x16a0c</load_address>
         <run_address>0x16a0c</run_address>
         <size>0x3e</size>
         <input_file_ref idref="fl-1e"/>
      </object_component>
      <object_component id="oc-c1b">
         <name>.text:l_asr_const</name>
         <load_address>0x16a4a</load_address>
         <run_address>0x16a4a</run_address>
         <size>0x3e</size>
         <input_file_ref idref="fl-b2"/>
      </object_component>
      <object_component id="oc-648">
         <name>.text:l_lsl_const</name>
         <load_address>0x16a88</load_address>
         <run_address>0x16a88</run_address>
         <size>0x3e</size>
         <input_file_ref idref="fl-77"/>
      </object_component>
      <object_component id="oc-750">
         <name>.text:l_lsr_const</name>
         <load_address>0x16ac6</load_address>
         <run_address>0x16ac6</run_address>
         <size>0x3e</size>
         <input_file_ref idref="fl-78"/>
      </object_component>
      <object_component id="oc-ba2">
         <name>.text:__mspabi_sllll</name>
         <load_address>0x16b04</load_address>
         <run_address>0x16b04</run_address>
         <size>0x3a</size>
         <input_file_ref idref="fl-b4"/>
      </object_component>
      <object_component id="oc-b4c">
         <name>.text:__mspabi_srlll</name>
         <load_address>0x16b3e</load_address>
         <run_address>0x16b3e</run_address>
         <size>0x3a</size>
         <input_file_ref idref="fl-a0"/>
      </object_component>
      <object_component id="oc-5d2">
         <name>.text:uxListRemove</name>
         <load_address>0x16b78</load_address>
         <run_address>0x16b78</run_address>
         <size>0x3a</size>
         <input_file_ref idref="fl-8"/>
      </object_component>
      <object_component id="oc-744">
         <name>.text:UCS_turnOnLFXT1</name>
         <load_address>0x16bb2</load_address>
         <run_address>0x16bb2</run_address>
         <size>0x38</size>
         <input_file_ref idref="fl-32"/>
      </object_component>
      <object_component id="oc-4ea">
         <name>.text:prvSetupHardware</name>
         <load_address>0x16bea</load_address>
         <run_address>0x16bea</run_address>
         <size>0x38</size>
         <input_file_ref idref="fl-4"/>
      </object_component>
      <object_component id="oc-98b">
         <name>.text:vTaskPlaceOnEventListRestricted</name>
         <load_address>0x16c22</load_address>
         <run_address>0x16c22</run_address>
         <size>0x34</size>
         <input_file_ref idref="fl-b"/>
      </object_component>
      <object_component id="oc-bc2">
         <name>.text:__mspabi_subd</name>
         <load_address>0x16c56</load_address>
         <run_address>0x16c56</run_address>
         <size>0x32</size>
         <input_file_ref idref="fl-ac"/>
      </object_component>
      <object_component id="oc-4cc">
         <name>.text:prvCopyDataFromQueue</name>
         <load_address>0x16c88</load_address>
         <run_address>0x16c88</run_address>
         <size>0x32</size>
         <input_file_ref idref="fl-9"/>
      </object_component>
      <object_component id="oc-9cb">
         <name>.text:prvWriteNameToBuffer</name>
         <load_address>0x16cba</load_address>
         <run_address>0x16cba</run_address>
         <size>0x32</size>
         <input_file_ref idref="fl-b"/>
      </object_component>
      <object_component id="oc-407">
         <name>.text:xTimerPendFunctionCallFromISR</name>
         <load_address>0x16cec</load_address>
         <run_address>0x16cec</run_address>
         <size>0x32</size>
         <input_file_ref idref="fl-c"/>
      </object_component>
      <object_component id="oc-7a9">
         <name>.text:vTaskDelay</name>
         <load_address>0x16d1e</load_address>
         <run_address>0x16d1e</run_address>
         <size>0x30</size>
         <input_file_ref idref="fl-b"/>
      </object_component>
      <object_component id="oc-768">
         <name>.text:GPIO_selectInterruptEdge</name>
         <load_address>0x16d4e</load_address>
         <run_address>0x16d4e</run_address>
         <size>0x2e</size>
         <input_file_ref idref="fl-1e"/>
      </object_component>
      <object_component id="oc-b16">
         <name>.text:__mspabi_negd</name>
         <load_address>0x16d7c</load_address>
         <run_address>0x16d7c</run_address>
         <size>0x2e</size>
         <input_file_ref idref="fl-ab"/>
      </object_component>
      <object_component id="oc-c26">
         <name>.text:copysign</name>
         <load_address>0x16daa</load_address>
         <run_address>0x16daa</run_address>
         <size>0x2e</size>
         <input_file_ref idref="fl-9b"/>
      </object_component>
      <object_component id="oc-57b">
         <name>.text:prvIsQueueFull</name>
         <load_address>0x16dd8</load_address>
         <run_address>0x16dd8</run_address>
         <size>0x2e</size>
         <input_file_ref idref="fl-9"/>
      </object_component>
      <object_component id="oc-94f">
         <name>.text:strncmp</name>
         <load_address>0x16e06</load_address>
         <run_address>0x16e06</run_address>
         <size>0x2e</size>
         <input_file_ref idref="fl-90"/>
      </object_component>
      <object_component id="oc-c13">
         <name>.text:__mpyull</name>
         <load_address>0x16e34</load_address>
         <run_address>0x16e34</run_address>
         <size>0x2c</size>
         <input_file_ref idref="fl-7e"/>
      </object_component>
      <object_component id="oc-84a">
         <name>.text:prvIsQueueEmpty</name>
         <load_address>0x16e60</load_address>
         <run_address>0x16e60</run_address>
         <size>0x2c</size>
         <input_file_ref idref="fl-9"/>
      </object_component>
      <object_component id="oc-581">
         <name>.text:vTaskPlaceOnEventList</name>
         <load_address>0x16e8c</load_address>
         <run_address>0x16e8c</run_address>
         <size>0x2c</size>
         <input_file_ref idref="fl-b"/>
      </object_component>
      <object_component id="oc-77b">
         <name>.text:prvInitialiseNewQueue</name>
         <load_address>0x16eb8</load_address>
         <run_address>0x16eb8</run_address>
         <size>0x2a</size>
         <input_file_ref idref="fl-9"/>
      </object_component>
      <object_component id="oc-73c">
         <name>.text:GPIO_setAsOutputPin</name>
         <load_address>0x16ee2</load_address>
         <run_address>0x16ee2</run_address>
         <size>0x28</size>
         <input_file_ref idref="fl-1e"/>
      </object_component>
      <object_component id="oc-622">
         <name>.text:GPIO_setAsPeripheralModuleFunctionInputPin</name>
         <load_address>0x16f0a</load_address>
         <run_address>0x16f0a</run_address>
         <size>0x28</size>
         <input_file_ref idref="fl-1e"/>
      </object_component>
      <object_component id="oc-bc8">
         <name>.text:__mspabi_fixdi</name>
         <load_address>0x16f32</load_address>
         <run_address>0x16f32</run_address>
         <size>0x28</size>
         <input_file_ref idref="fl-a5"/>
      </object_component>
      <object_component id="oc-8a5">
         <name>.text:prvGetNextExpireTime</name>
         <load_address>0x16f5a</load_address>
         <run_address>0x16f5a</run_address>
         <size>0x28</size>
         <input_file_ref idref="fl-c"/>
      </object_component>
      <object_component id="oc-92a">
         <name>.text:prvSampleTimeNow</name>
         <load_address>0x16f82</load_address>
         <run_address>0x16f82</run_address>
         <size>0x28</size>
         <input_file_ref idref="fl-c"/>
      </object_component>
      <object_component id="oc-898">
         <name>.text:vListInitialise</name>
         <load_address>0x16faa</load_address>
         <run_address>0x16faa</run_address>
         <size>0x28</size>
         <input_file_ref idref="fl-8"/>
      </object_component>
      <object_component id="oc-90a">
         <name>.text:Cmd_free</name>
         <load_address>0x16fd2</load_address>
         <run_address>0x16fd2</run_address>
         <size>0x26</size>
         <input_file_ref idref="fl-2"/>
      </object_component>
      <object_component id="oc-aac">
         <name>.text:memccpy</name>
         <load_address>0x16ff8</load_address>
         <run_address>0x16ff8</run_address>
         <size>0x26</size>
         <input_file_ref idref="fl-b0"/>
      </object_component>
      <object_component id="oc-4c0">
         <name>.text:vApplicationSetupTimerInterrupt</name>
         <load_address>0x1701e</load_address>
         <run_address>0x1701e</run_address>
         <size>0x26</size>
         <input_file_ref idref="fl-4"/>
      </object_component>
      <object_component id="oc-5db">
         <name>.text:vListInsertEnd</name>
         <load_address>0x17044</load_address>
         <run_address>0x17044</run_address>
         <size>0x26</size>
         <input_file_ref idref="fl-8"/>
      </object_component>
      <object_component id="oc-3b0">
         <name>.text:decompress:ZI:__TI_zero_init</name>
         <load_address>0x1706a</load_address>
         <run_address>0x1706a</run_address>
         <size>0x24</size>
         <input_file_ref idref="fl-82"/>
      </object_component>
      <object_component id="oc-44d">
         <name>.text:main</name>
         <load_address>0x1708e</load_address>
         <run_address>0x1708e</run_address>
         <size>0x24</size>
         <input_file_ref idref="fl-4"/>
      </object_component>
      <object_component id="oc-5cc">
         <name>.text:prvResetNextTaskUnblockTime</name>
         <load_address>0x170b2</load_address>
         <run_address>0x170b2</run_address>
         <size>0x24</size>
         <input_file_ref idref="fl-b"/>
      </object_component>
[...]
         <name>__TI_int43</name>
         <value>0xffd6</value>
         <object_component_ref idref="oc-7b"/>
      </symbol>
      <symbol id="sm-bd4">
         <name>__TI_int45</name>
         <value>0xffda</value>
         <object_component_ref idref="oc-7d"/>
      </symbol>
      <symbol id="sm-bd7">
         <name>__TI_int48</name>
         <value>0xffe0</value>
         <object_component_ref idref="oc-80"/>
      </symbol>
      <symbol id="sm-bda">
         <name>__TI_int49</name>
         <value>0xffe2</value>
         <object_component_ref idref="oc-81"/>
      </symbol>
      <symbol id="sm-bdd">
         <name>__TI_int50</name>
         <value>0xffe4</value>
         <object_component_ref idref="oc-82"/>
      </symbol>
      <symbol id="sm-be0">
         <name>__TI_int51</name>
         <value>0xffe6</value>
         <object_component_ref idref="oc-83"/>
      </symbol>
      <symbol id="sm-be3">
         <name>__TI_int52</name>
         <value>0xffe8</value>
         <object_component_ref idref="oc-84"/>
      </symbol>
      <symbol id="sm-be6">
         <name>__TI_int54</name>
         <value>0xffec</value>
         <object_component_ref idref="oc-86"/>
      </symbol>
      <symbol id="sm-be9">
         <name>__TI_int55</name>
         <value>0xffee</value>
         <object_component_ref idref="oc-87"/>
      </symbol>
      <symbol id="sm-bec">
         <name>__TI_int56</name>
         <value>0xfff0</value>
         <object_component_ref idref="oc-88"/>
      </symbol>
      <symbol id="sm-bef">
         <name>__TI_int57</name>
         <value>0xfff2</value>
         <object_component_ref idref="oc-89"/>
      </symbol>
      <symbol id="sm-bf2">
         <name>__TI_int58</name>
         <value>0xfff4</value>
         <object_component_ref idref="oc-8a"/>
      </symbol>
      <symbol id="sm-bf5">
         <name>__TI_int59</name>
         <value>0xfff6</value>
         <object_component_ref idref="oc-8b"/>
      </symbol>
      <symbol id="sm-bf8">
         <name>__TI_int60</name>
         <value>0xfff8</value>
         <object_component_ref idref="oc-8c"/>
      </symbol>
      <symbol id="sm-bfb">
         <name>__TI_int61</name>
         <value>0xfffa</value>
         <object_component_ref idref="oc-8d"/>
      </symbol>
      <symbol id="sm-bfe">
         <name>__TI_int62</name>
         <value>0xfffc</value>
         <object_component_ref idref="oc-8e"/>
      </symbol>
      <symbol id="sm-c06">
         <name>__TI_ISR_TRAP</name>
         <value>0x454c</value>
         <object_component_ref idref="oc-387"/>
      </symbol>
      <symbol id="sm-c0f">
         <name>__mspabi_slll_9</name>
         <value>0x16aa0</value>
         <object_component_ref idref="oc-648"/>
      </symbol>
      <symbol id="sm-c10">
         <name>__mspabi_slll_8</name>
         <value>0x16aa4</value>
         <object_component_ref idref="oc-648"/>
      </symbol>
      <symbol id="sm-c11">
         <name>__mspabi_slll_7</name>
         <value>0x16aa8</value>
         <object_component_ref idref="oc-648"/>
      </symbol>
      <symbol id="sm-c12">
         <name>__mspabi_slll_6</name>
         <value>0x16aac</value>
         <object_component_ref idref="oc-648"/>
      </symbol>
      <symbol id="sm-c13">
         <name>__mspabi_slll_5</name>
         <value>0x16ab0</value>
         <object_component_ref idref="oc-648"/>
      </symbol>
      <symbol id="sm-c14">
         <name>__mspabi_slll_4</name>
         <value>0x16ab4</value>
         <object_component_ref idref="oc-648"/>
      </symbol>
      <symbol id="sm-c15">
         <name>__mspabi_slll_3</name>
         <value>0x16ab8</value>
         <object_component_ref idref="oc-648"/>
      </symbol>
      <symbol id="sm-c16">
         <name>__mspabi_slll_2</name>
         <value>0x16abc</value>
         <object_component_ref idref="oc-648"/>
      </symbol>
      <symbol id="sm-c17">
         <name>__mspabi_slll_1</name>
         <value>0x16ac0</value>
         <object_component_ref idref="oc-648"/>
      </symbol>
      <symbol id="sm-c18">
         <name>__mspabi_slll_15</name>
         <value>0x16a88</value>
         <object_component_ref idref="oc-648"/>
      </symbol>
      <symbol id="sm-c19">
         <name>__mspabi_slll_14</name>
         <value>0x16a8c</value>
         <object_component_ref idref="oc-648"/>
      </symbol>
      <symbol id="sm-c1a">
         <name>__mspabi_slll_13</name>
         <value>0x16a90</value>
         <object_component_ref idref="oc-648"/>
      </symbol>
      <symbol id="sm-c1b">
         <name>__mspabi_slll_12</name>
         <value>0x16a94</value>
         <object_component_ref idref="oc-648"/>
      </symbol>
      <symbol id="sm-c1c">
         <name>__mspabi_slll_11</name>
         <value>0x16a98</value>
         <object_component_ref idref="oc-648"/>
      </symbol>
      <symbol id="sm-c1d">
         <name>__mspabi_slll_10</name>
         <value>0x16a9c</value>
         <object_component_ref idref="oc-648"/>
      </symbol>
      <symbol id="sm-c2d">
         <name>__mspabi_srll_8</name>
         <value>0x16ae2</value>
         <object_component_ref idref="oc-750"/>
      </symbol>
      <symbol id="sm-c2e">
         <name>__mspabi_srll_9</name>
         <value>0x16ade</value>
         <object_component_ref idref="oc-750"/>
      </symbol>
      <symbol id="sm-c2f">
         <name>__mspabi_srll_6</name>
         <value>0x16aea</value>
         <object_component_ref idref="oc-750"/>
      </symbol>
      <symbol id="sm-c30">
         <name>__mspabi_srll_7</name>
         <value>0x16ae6</value>
         <object_component_ref idref="oc-750"/>
      </symbol>
      <symbol id="sm-c31">
         <name>__mspabi_srll_4</name>
         <value>0x16af2</value>
         <object_component_ref idref="oc-750"/>
      </symbol>
      <symbol id="sm-c32">
         <name>__mspabi_srll_5</name>
         <value>0x16aee</value>
         <object_component_ref idref="oc-750"/>
      </symbol>
      <symbol id="sm-c33">
         <name>__mspabi_srll_2</name>
         <value>0x16afa</value>
         <object_component_ref idref="oc-750"/>
      </symbol>
      <symbol id="sm-c34">
         <name>__mspabi_srll_3</name>
         <value>0x16af6</value>
         <object_component_ref idref="oc-750"/>
      </symbol>
      <symbol id="sm-c35">
         <name>__mspabi_srll_1</name>
         <value>0x16afe</value>
         <object_component_ref idref="oc-750"/>
      </symbol>
      <symbol id="sm-c36">
         <name>__mspabi_srll_15</name>
         <value>0x16ac6</value>
         <object_component_ref idref="oc-750"/>
      </symbol>
      <symbol id="sm-c37">
         <name>__mspabi_srll_14</name>
         <value>0x16aca</value>
         <object_component_ref idref="oc-750"/>
      </symbol>
      <symbol id="sm-c38">
         <name>__mspabi_srll_13</name>
         <value>0x16ace</value>
         <object_component_ref idref="oc-750"/>
      </symbol>
      <symbol id="sm-c39">
         <name>__mspabi_srll_12</name>
         <value>0x16ad2</value>
         <object_component_ref idref="oc-750"/>
      </symbol>
      <symbol id="sm-c3a">
         <name>__mspabi_srll_11</name>
         <value>0x16ad6</value>
         <object_component_ref idref="oc-750"/>
      </symbol>
      <symbol id="sm-c3b">
         <name>__mspabi_srll_10</name>
         <value>0x16ada</value>
         <object_component_ref idref="oc-750"/>
      </symbol>
      <symbol id="sm-c3c">
         <name>__mspabi_srll</name>
         <value>0x17448</value>
         <object_component_ref idref="oc-ba8"/>
      </symbol>
      <symbol id="sm-c45">
         <name>__mspabi_mpyi_f5hw</name>
         <value>0x1731a</value>
         <object_component_ref idref="oc-6d1"/>
      </symbol>
      <symbol id="sm-c4f">
         <name>__mspabi_mpyl_f5hw</name>
         <value>0x170fa</value>
         <object_component_ref idref="oc-643"/>
      </symbol>
      <symbol id="sm-c57">
         <name>__mspabi_mpyull_f5hw</name>
         <value>0x16e34</value>
         <object_component_ref idref="oc-c13"/>
      </symbol>
      <symbol id="sm-c5f">
         <name>__mspabi_mpyll_f5hw</name>
         <value>0x162b6</value>
         <object_component_ref idref="oc-c0e"/>
      </symbol>
      <symbol id="sm-c6f">
         <name>_stack</name>
         <value>0x4360</value>
         <object_component_ref idref="oc-36b"/>
      </symbol>
      <symbol id="sm-c70">
         <name>_c_int00_noargs</name>
         <value>0x4520</value>
         <object_component_ref idref="oc-3bc"/>
      </symbol>
      <symbol id="sm-c71">
         <name>_reset_vector</name>
         <value>0xfffe</value>
         <object_component_ref idref="oc-36e"/>
      </symbol>
      <symbol id="sm-c94">
         <name>__TI_auto_init_nobinit_nopinit_hold_wdt</name>
         <value>0x1657a</value>
         <object_component_ref idref="oc-527"/>
      </symbol>
      <symbol id="sm-ca7">
         <name>__TI_zero_init</name>
         <value>0x1706a</value>
         <object_component_ref idref="oc-3b0"/>
      </symbol>
      <symbol id="sm-cb2">
         <name>_system_post_cinit</name>
         <value>0x174ee</value>
         <object_component_ref idref="oc-6a8"/>
      </symbol>
      <symbol id="sm-cc3">
         <name>__TI_decompress_none</name>
         <value>0x173f0</value>
         <object_component_ref idref="oc-73"/>
      </symbol>
      <symbol id="sm-ce6">
         <name>__TI_decompress_lzss</name>
         <value>0x15cd8</value>
         <object_component_ref idref="oc-6d"/>
      </symbol>
      <symbol id="sm-cf0">
         <name>C$$EXIT</name>
         <value>0x174d6</value>
         <object_component_ref idref="oc-503"/>
      </symbol>
      <symbol id="sm-cf1">
         <name>abort</name>
         <value>0x174d6</value>
         <object_component_ref idref="oc-503"/>
      </symbol>
      <symbol id="sm-d01">
         <name>memcpy</name>
         <value>0x173b6</value>
         <object_component_ref idref="oc-37a"/>
      </symbol>
      <symbol id="sm-d0f">
         <name>memset</name>
         <value>0x1734a</value>
         <object_component_ref idref="oc-857"/>
      </symbol>
      <symbol id="sm-d1d">
         <name>strcmp</name>
         <value>0x172cc</value>
         <object_component_ref idref="oc-887"/>
      </symbol>
      <symbol id="sm-d2a">
         <name>strcpy</name>
         <value>0x17414</value>
         <object_component_ref idref="oc-a0a"/>
      </symbol>
      <symbol id="sm-d37">
         <name>strlen</name>
         <value>0x17458</value>
         <object_component_ref idref="oc-9d7"/>
      </symbol>
      <symbol id="sm-d47">
         <name>strncmp</name>
         <value>0x16e06</value>
         <object_component_ref idref="oc-94f"/>
      </symbol>
      <symbol id="sm-d9e">
         <name>strtof</name>
         <value>0x10b92</value>
         <object_component_ref idref="oc-961"/>
      </symbol>
      <symbol id="sm-dc3">
         <name>strtoul</name>
         <value>0x12a2c</value>
         <object_component_ref idref="oc-95b"/>
      </symbol>
      <symbol id="sm-dd0">
         <name>toupper</name>
         <value>0x17426</value>
         <object_component_ref idref="oc-9a0"/>
      </symbol>
      <symbol id="sm-dda">
         <name>abs</name>
         <value>0x17496</value>
         <object_component_ref idref="oc-9bc"/>
      </symbol>
      <symbol id="sm-de1">
         <name>errno</name>
         <value>0x3e44</value>
         <object_component_ref idref="oc-99b"/>
      </symbol>
      <symbol id="sm-fb0">
         <name>__TI_printfi</name>
         <value>0x115dc</value>
         <object_component_ref idref="oc-a45"/>
      </symbol>
      <symbol id="sm-fcc">
         <name>frexpl</name>
         <value>0x15058</value>
         <object_component_ref idref="oc-b8a"/>
      </symbol>
      <symbol id="sm-fcd">
         <name>frexp</name>
         <value>0x15058</value>
         <object_component_ref idref="oc-b8a"/>
      </symbol>
      <symbol id="sm-fe6">
         <name>scalbn</name>
         <value>0x13526</value>
         <object_component_ref idref="oc-be5"/>
      </symbol>
      <symbol id="sm-fe7">
         <name>scalbnl</name>
         <value>0x13526</value>
         <object_component_ref idref="oc-be5"/>
      </symbol>
      <symbol id="sm-fe8">
         <name>ldexpl</name>
         <value>0x13526</value>
         <object_component_ref idref="oc-be5"/>
      </symbol>
      <symbol id="sm-fe9">
         <name>ldexp</name>
         <value>0x13526</value>
         <object_component_ref idref="oc-be5"/>
      </symbol>
      <symbol id="sm-1002">
         <name>scalbnf</name>
         <value>0x1447e</value>
         <object_component_ref idref="oc-9b6"/>
      </symbol>
      <symbol id="sm-1003">
         <name>ldexpf</name>
         <value>0x1447e</value>
         <object_component_ref idref="oc-9b6"/>
      </symbol>
      <symbol id="sm-100c">
         <name>copysignf</name>
         <value>0x173de</value>
         <object_component_ref idref="oc-9f3"/>
      </symbol>
      <symbol id="sm-1015">
         <name>copysign</name>
         <value>0x16daa</value>
         <object_component_ref idref="oc-c26"/>
      </symbol>
      <symbol id="sm-1016">
         <name>copysignl</name>
         <value>0x16daa</value>
         <object_component_ref idref="oc-c26"/>
      </symbol>
      <symbol id="sm-102e">
         <name>wcslen</name>
         <value>0x1738c</value>
         <object_component_ref idref="oc-acf"/>
      </symbol>
      <symbol id="sm-1049">
         <name>__mspabi_subf</name>
         <value>0x137c8</value>
         <object_component_ref idref="oc-9a9"/>
      </symbol>
      <symbol id="sm-104a">
         <name>__mspabi_addf</name>
         <value>0x137ce</value>
         <object_component_ref idref="oc-9a9"/>
      </symbol>
      <symbol id="sm-1053">
         <name>__mspabi_negf</name>
         <value>0x174a0</value>
         <object_component_ref idref="oc-9ae"/>
      </symbol>
      <symbol id="sm-1061">
         <name>__mspabi_srlll</name>
         <value>0x16b3e</value>
         <object_component_ref idref="oc-b4c"/>
      </symbol>
      <symbol id="sm-1094">
         <name>__mspabi_divull</name>
         <value>0x10f98</value>
         <object_component_ref idref="oc-b46"/>
      </symbol>
      <symbol id="sm-10ce">
         <name>__mspabi_addd</name>
         <value>0x10000</value>
         <object_component_ref idref="oc-c06"/>
      </symbol>
      <symbol id="sm-10ed">
         <name>__mspabi_cmpd</name>
         <value>0x148e0</value>
         <object_component_ref idref="oc-b34"/>
      </symbol>
      <symbol id="sm-110e">
         <name>__mspabi_divd</name>
         <value>0x1221a</value>
         <object_component_ref idref="oc-b83"/>
      </symbol>
      <symbol id="sm-111b">
         <name>__mspabi_fixdi</name>
         <value>0x16f32</value>
         <object_component_ref idref="oc-bc8"/>
      </symbol>
      <symbol id="sm-112a">
         <name>__mspabi_fixdli</name>
         <value>0x1605c</value>
         <object_component_ref idref="oc-bb0"/>
      </symbol>
      <symbol id="sm-1133">
         <name>__mspabi_fltid</name>
         <value>0x17480</value>
         <object_component_ref idref="oc-bf1"/>
      </symbol>
      <symbol id="sm-114b">
         <name>__mspabi_fltlid</name>
         <value>0x15430</value>
         <object_component_ref idref="oc-bbc"/>
      </symbol>
      <symbol id="sm-1166">
         <name>__TI_frcdivd</name>
         <value>0x1072a</value>
         <object_component_ref idref="oc-bdb"/>
      </symbol>
      <symbol id="sm-118b">
         <name>__mspabi_mpyd</name>
         <value>0x11882</value>
         <object_component_ref idref="oc-b7d"/>
      </symbol>
      <symbol id="sm-1194">
         <name>__mspabi_negd</name>
         <value>0x16d7c</value>
         <object_component_ref idref="oc-b16"/>
      </symbol>
      <symbol id="sm-119d">
         <name>__mspabi_subd</name>
         <value>0x16c56</value>
         <object_component_ref idref="oc-bc2"/>
      </symbol>
      <symbol id="sm-11ac">
         <name>__TI_ltoa</name>
         <value>0x159ec</value>
         <object_component_ref idref="oc-bb6"/>
      </symbol>
      <symbol id="sm-11bf">
         <name>atoi</name>
         <value>0x161f4</value>
         <object_component_ref idref="oc-ac0"/>
      </symbol>
      <symbol id="sm-11c9">
         <name>_ctypes_</name>
         <value>0x493e</value>
         <object_component_ref idref="oc-998"/>
      </symbol>
      <symbol id="sm-11d8">
         <name>memccpy</name>
         <value>0x16ff8</value>
         <object_component_ref idref="oc-aac"/>
      </symbol>
      <symbol id="sm-11e7">
         <name>strchr</name>
         <value>0x172b0</value>
         <object_component_ref idref="oc-beb"/>
      </symbol>
      <symbol id="sm-11ef">
         <name>__mspabi_sral_15</name>
         <value>0x16a4a</value>
         <object_component_ref idref="oc-c1b"/>
      </symbol>
      <symbol id="sm-11f0">
         <name>__mspabi_sral_14</name>
         <value>0x16a4e</value>
         <object_component_ref idref="oc-c1b"/>
      </symbol>
      <symbol id="sm-11f1">
         <name>__mspabi_sral_13</name>
         <value>0x16a52</value>
         <object_component_ref idref="oc-c1b"/>
      </symbol>
      <symbol id="sm-11f2">
         <name>__mspabi_sral_12</name>
         <value>0x16a56</value>
         <object_component_ref idref="oc-c1b"/>
      </symbol>
      <symbol id="sm-11f3">
         <name>__mspabi_sral_11</name>
         <value>0x16a5a</value>
         <object_component_ref idref="oc-c1b"/>
      </symbol>
      <symbol id="sm-11f4">
         <name>__mspabi_sral_10</name>
         <value>0x16a5e</value>
         <object_component_ref idref="oc-c1b"/>
      </symbol>
      <symbol id="sm-11f5">
         <name>__mspabi_sral_8</name>
         <value>0x16a66</value>
         <object_component_ref idref="oc-c1b"/>
      </symbol>
      <symbol id="sm-11f6">
         <name>__mspabi_sral_9</name>
         <value>0x16a62</value>
         <object_component_ref idref="oc-c1b"/>
      </symbol>
      <symbol id="sm-11f7">
         <name>__mspabi_sral_6</name>
         <value>0x16a6e</value>
         <object_component_ref idref="oc-c1b"/>
      </symbol>
      <symbol id="sm-11f8">
         <name>__mspabi_sral_7</name>
         <value>0x16a6a</value>
         <object_component_ref idref="oc-c1b"/>
      </symbol>
      <symbol id="sm-11f9">
         <name>__mspabi_sral_4</name>
         <value>0x16a76</value>
         <object_component_ref idref="oc-c1b"/>
      </symbol>
      <symbol id="sm-11fa">
         <name>__mspabi_sral_5</name>
         <value>0x16a72</value>
         <object_component_ref idref="oc-c1b"/>
      </symbol>
      <symbol id="sm-11fb">
         <name>__mspabi_sral_2</name>
         <value>0x16a7e</value>
         <object_component_ref idref="oc-c1b"/>
      </symbol>
      <symbol id="sm-11fc">
         <name>__mspabi_sral_3</name>
         <value>0x16a7a</value>
         <object_component_ref idref="oc-c1b"/>
      </symbol>
      <symbol id="sm-11fd">
         <name>__mspabi_sral_1</name>
         <value>0x16a82</value>
         <object_component_ref idref="oc-c1b"/>
      </symbol>
      <symbol id="sm-120a">
         <name>__mspabi_srall</name>
         <value>0x1690e</value>
         <object_component_ref idref="oc-c36"/>
      </symbol>
      <symbol id="sm-1217">
         <name>__mspabi_sllll</name>
         <value>0x16b04</value>
         <object_component_ref idref="oc-ba2"/>
      </symbol>
      <symbol id="sm-1222">
         <name>__TI_frcmpyd</name>
         <value>0x133c2</value>
         <object_component_ref idref="oc-bd3"/>
      </symbol>
      <symbol id="sm-1227">
         <name>vPortSetupTimerInterrupt</name>
         <value>0x1701e</value>
      </symbol>
   </symbol_table>
   <title>Link successful</title>
</link_info>
