******************************************************************************
                  MSP430 Linker PC v21.6.1                     
******************************************************************************
>> Linked Sat Nov 18 22:10:47 2023

OUTPUT FILE NAME:   <MSP430_EC3.out>
ENTRY POINT SYMBOL: "_c_int00_noargs"  address: 00004520


MEMORY CONFIGURATION

         name            origin    length      used     unused   attr    fill
----------------------  --------  ---------  --------  --------  ----  --------
  SFR                   00000000   00000010  00000000  00000010  RWIX
  PERIPHERALS_8BIT      00000010   000000f0  00000000  000000f0  RWIX
  PERIPHERALS_16BIT     00000100   00000100  00000000  00000100  RWIX
  INFOD                 00001800   00000080  00000000  00000080  RWIX
  INFOC                 00001880   00000080  00000000  00000080  RWIX
  INFOB                 00001900   00000080  00000000  00000080  RWIX
  INFOA                 00001980   00000080  00000000  00000080  RWIX
  USBRAM                00001c00   00000800  00000000  00000800  RWIX
  RAM                   00002400   00002000  00001ae6  0000051a  RWIX
  FLASH                 00004400   0000bb80  000007fc  0000b384  RWIX
  INT00                 0000ff80   00000002  00000000  00000002  RWIX
  INT01                 0000ff82   00000002  00000000  00000002  RWIX
  INT02                 0000ff84   00000002  00000000  00000002  RWIX
  INT03                 0000ff86   00000002  00000000  00000002  RWIX
  INT04                 0000ff88   00000002  00000000  00000002  RWIX
  INT05                 0000ff8a   00000002  00000000  00000002  RWIX
  INT06                 0000ff8c   00000002  00000000  00000002  RWIX
  INT07                 0000ff8e   00000002  00000000  00000002  RWIX
  INT08                 0000ff90   00000002  00000000  00000002  RWIX
  INT09                 0000ff92   00000002  00000000  00000002  RWIX
  INT10                 0000ff94   00000002  00000000  00000002  RWIX
  INT11                 0000ff96   00000002  00000000  00000002  RWIX
  INT12                 0000ff98   00000002  00000000  00000002  RWIX
  INT13                 0000ff9a   00000002  00000000  00000002  RWIX
  INT14                 0000ff9c   00000002  00000000  00000002  RWIX
  INT15                 0000ff9e   00000002  00000000  00000002  RWIX
  INT16                 0000ffa0   00000002  00000000  00000002  RWIX
  INT17                 0000ffa2   00000002  00000000  00000002  RWIX
  INT18                 0000ffa4   00000002  00000000  00000002  RWIX
  INT19                 0000ffa6   00000002  00000000  00000002  RWIX
  INT20                 0000ffa8   00000002  00000000  00000002  RWIX
  INT21                 0000ffaa   00000002  00000000  00000002  RWIX
  INT22                 0000ffac   00000002  00000000  00000002  RWIX
  INT23                 0000ffae   00000002  00000000  00000002  RWIX
  INT24                 0000ffb0   00000002  00000000  00000002  RWIX
  INT25                 0000ffb2   00000002  00000000  00000002  RWIX
  INT26                 0000ffb4   00000002  00000000  00000002  RWIX
  INT27                 0000ffb6   00000002  00000000  00000002  RWIX
  INT28                 0000ffb8   00000002  00000000  00000002  RWIX
  INT29                 0000ffba   00000002  00000000  00000002  RWIX
  INT30                 0000ffbc   00000002  00000000  00000002  RWIX
  INT31                 0000ffbe   00000002  00000000  00000002  RWIX
  INT32                 0000ffc0   00000002  00000000  00000002  RWIX
  INT33                 0000ffc2   00000002  00000000  00000002  RWIX
  INT34                 0000ffc4   00000002  00000000  00000002  RWIX
  INT35                 0000ffc6   00000002  00000000  00000002  RWIX
  INT36                 0000ffc8   00000002  00000000  00000002  RWIX
  INT37                 0000ffca   00000002  00000000  00000002  RWIX
  INT38                 0000ffcc   00000002  00000000  00000002  RWIX
  INT39                 0000ffce   00000002  00000000  00000002  RWIX
  INT40                 0000ffd0   00000002  00000000  00000002  RWIX
  INT41                 0000ffd2   00000002  00000002  00000000  RWIX
  INT42                 0000ffd4   00000002  00000002  00000000  RWIX
  INT43                 0000ffd6   00000002  00000002  00000000  RWIX
  INT44                 0000ffd8   00000002  00000002  00000000  RWIX
  INT45                 0000ffda   00000002  00000002  00000000  RWIX
  INT46                 0000ffdc   00000002  00000002  00000000  RWIX
  INT47                 0000ffde   00000002  00000002  00000000  RWIX
  INT48                 0000ffe0   00000002  00000002  00000000  RWIX
  INT49                 0000ffe2   00000002  00000002  00000000  RWIX
  INT50                 0000ffe4   00000002  00000002  00000000  RWIX
  INT51                 0000ffe6   00000002  00000002  00000000  RWIX
  INT52                 0000ffe8   00000002  00000002  00000000  RWIX
  INT53                 0000ffea   00000002  00000002  00000000  RWIX
  INT54                 0000ffec   00000002  00000002  00000000  RWIX
  INT55                 0000ffee   00000002  00000002  00000000  RWIX
  INT56                 0000fff0   00000002  00000002  00000000  RWIX
  INT57                 0000fff2   00000002  00000002  00000000  RWIX
  INT58                 0000fff4   00000002  00000002  00000000  RWIX
  INT59                 0000fff6   00000002  00000002  00000000  RWIX
  INT60                 0000fff8   00000002  00000002  00000000  RWIX
  INT61                 0000fffa   00000002  00000002  00000000  RWIX
  INT62                 0000fffc   00000002  00000002  00000000  RWIX
  RESET                 0000fffe   00000002  00000002  00000000  RWIX
  FLASH2                00010000   00014400  000074f0  0000cf10  RWIX


SECTION ALLOCATION MAP

 output                                  attributes/
section   page    origin      length       input sections
--------  ----  ----------  ----------   ----------------
.bss       0    00002400    000019fe     UNINITIALIZED
                  00002400    00001800     heap_4.obj (.bss:ucHeap)
                  00003c00    00000100     serial.obj (.bss:g_pcUARTRxHistoryBuffer)
                  00003d00    00000040     tasks.obj (.bss:pxReadyTasksLists)
                  00003d40    00000024     cmdline.obj (.bss:g_ppcArgv)
                  00003d64    00000010     serial.obj (.bss:g_usUARTRxHistoryOffset)
                  00003d74    00000010     timers.obj (.bss:xActiveTimerList1)
                  00003d84    00000010     timers.obj (.bss:xActiveTimerList2)
                  00003d94    00000010     tasks.obj (.bss:xDelayedTaskList1)
                  00003da4    00000010     tasks.obj (.bss:xDelayedTaskList2)
                  00003db4    00000010     tasks.obj (.bss:xPendingReadyList)
                  00003dc4    00000010     tasks.obj (.bss:xSuspendedTaskList)
                  00003dd4    00000008     main.obj (.bss)
                  00003ddc    00000008     serial.obj (.bss)
                  00003de4    00000008     tasks.obj (.bss)
                  00003dec    00000008     timers.obj (.bss)
                  00003df4    00000006     heap_4.obj (.bss:xStart)
                  00003dfa    00000004     commands.obj (.bss)

.data      0    00003dfe    00000048     UNINITIALIZED
                  00003dfe    00000024     tasks.obj (.data)
                  00003e22    0000000e     heap_4.obj (.data)
                  00003e30    0000000a     timers.obj (.data)
                  00003e3a    00000004     RunTimeStatsConfig.obj (.data:StatsOverflowCount)
                  00003e3e    00000004     serial.obj (.data)
                  00003e42    00000002     port.obj (.data)
                  00003e44    00000002     rts430x_lc_rd_eabi.lib : errno.c.obj (.data)

.stack     0    00004360    000000a0     UNINITIALIZED
                  00004360    00000004     rts430x_lc_rd_eabi.lib : boot.c.obj (.stack)
                  00004364    0000009c     --HOLE--

.text:_isr 
*          0    00004400    0000015a     
                  00004400    00000064     serial.obj (.text:_isr:prvUSCI_A1_ISR)
                  00004464    0000005e     main.obj (.text:_isr:Button1_ISR)
                  000044c2    0000005e     main.obj (.text:_isr:Button2_ISR)
                  00004520    0000001c     rts430x_lc_rd_eabi.lib : boot.c.obj (.text:_isr:_c_int00_noargs)
                  0000453c    00000010     port.obj (.text:_isr:vTickISREntry)
                  0000454c    00000008     rts430x_lc_rd_eabi.lib : isr_trap.asm.obj (.text:_isr:__TI_ISR_TRAP)
                  00004554    00000006     RunTimeStatsConfig.obj (.text:_isr:prvRunTimeStatsOverflowISR)

.cinit     0    00004bce    0000002e     
                  00004bce    0000000c     (__TI_handler_table)
                  00004bda    0000000b     (.cinit..data.load) [load image, compression = lzss]
                  00004be5    00000001     --HOLE-- [fill = 0]
                  00004be6    00000006     (.cinit..bss.load) [load image, compression = zero_init]
                  00004bec    00000010     (__TI_cinit_table)

.binit     0    00004400    00000000     

.init_array 
*          0    00004400    00000000     UNINITIALIZED

.const     0    0000455a    00000674     
                  0000455a    000003e4     commands.obj (.const:.string)
                  0000493e    00000101     rts430x_lc_rd_eabi.lib : ctype.c.obj (.const:.string:_ctypes_)
                  00004a3f    00000001     --HOLE-- [fill = 0]
                  00004a40    00000060     commands.obj (.const:g_psCmdTable)
                  00004aa0    00000040     rts430x_lc_rd_eabi.lib : strtof.c.obj (.const:digits)
                  00004ae0    00000032     tasks.obj (.const:.string)
                  00004b12    00000026     rts430x_lc_rd_eabi.lib : _printfi.c.obj (.const:.string)
                  00004b38    00000026     serial.obj (.const:.string)
                  00004b5e    00000024     main.obj (.const:.string)
                  00004b82    0000001c     gpio.obj (.const:GPIO_PORT_TO_BASE)
                  00004b9e    00000018     rts430x_lc_rd_eabi.lib : strtof.c.obj (.const:powerof10)
                  00004bb6    0000000c     serial.obj (.const:$P$T0$1)
                  00004bc2    00000008     timers.obj (.const:.string)
                  00004bca    00000004     serial.obj (.const)

RTC        0    0000ffd2    00000002     
                  0000ffd2    00000002     rts430x_lc_rd_eabi.lib : int41.asm.obj (.int41)

PORT2      0    0000ffd4    00000002     
                  0000ffd4    00000002     main.obj (.int42)

TIMER2_A1 
*          0    0000ffd6    00000002     
                  0000ffd6    00000002     rts430x_lc_rd_eabi.lib : int43.asm.obj (.int43)

TIMER2_A0 
*          0    0000ffd8    00000002     
                  0000ffd8    00000002     RunTimeStatsConfig.obj (.int44)

USCI_B1    0    0000ffda    00000002     
                  0000ffda    00000002     rts430x_lc_rd_eabi.lib : int45.asm.obj (.int45)

USCI_A1    0    0000ffdc    00000002     
                  0000ffdc    00000002     serial.obj (.int46)

PORT1      0    0000ffde    00000002     
                  0000ffde    00000002     main.obj (.int47)

TIMER1_A1 
*          0    0000ffe0    00000002     
                  0000ffe0    00000002     rts430x_lc_rd_eabi.lib : int48.asm.obj (.int48)

TIMER1_A0 
*          0    0000ffe2    00000002     
                  0000ffe2    00000002     rts430x_lc_rd_eabi.lib : int49.asm.obj (.int49)

DMA        0    0000ffe4    00000002     
                  0000ffe4    00000002     rts430x_lc_rd_eabi.lib : int50.asm.obj (.int50)

USB_UBM    0    0000ffe6    00000002     
                  0000ffe6    00000002     rts430x_lc_rd_eabi.lib : int51.asm.obj (.int51)

TIMER0_A1 
*          0    0000ffe8    00000002     
                  0000ffe8    00000002     rts430x_lc_rd_eabi.lib : int52.asm.obj (.int52)

TIMER0_A0 
*          0    0000ffea    00000002     
                  0000ffea    00000002     port.obj (.int53)

ADC12      0    0000ffec    00000002     
                  0000ffec    00000002     rts430x_lc_rd_eabi.lib : int54.asm.obj (.int54)

USCI_B0    0    0000ffee    00000002     
                  0000ffee    00000002     rts430x_lc_rd_eabi.lib : int55.asm.obj (.int55)

USCI_A0    0    0000fff0    00000002     
                  0000fff0    00000002     rts430x_lc_rd_eabi.lib : int56.asm.obj (.int56)

WDT        0    0000fff2    00000002     
                  0000fff2    00000002     rts430x_lc_rd_eabi.lib : int57.asm.obj (.int57)

TIMER0_B1 
*          0    0000fff4    00000002     
                  0000fff4    00000002     rts430x_lc_rd_eabi.lib : int58.asm.obj (.int58)

TIMER0_B0 
*          0    0000fff6    00000002     
                  0000fff6    00000002     rts430x_lc_rd_eabi.lib : int59.asm.obj (.int59)

COMP_B     0    0000fff8    00000002     
                  0000fff8    00000002     rts430x_lc_rd_eabi.lib : int60.asm.obj (.int60)

UNMI       0    0000fffa    00000002     
                  0000fffa    00000002     rts430x_lc_rd_eabi.lib : int61.asm.obj (.int61)

SYSNMI     0    0000fffc    00000002     
                  0000fffc    00000002     rts430x_lc_rd_eabi.lib : int62.asm.obj (.int62)

.reset     0    0000fffe    00000002     
                  0000fffe    00000002     rts430x_lc_rd_eabi.lib : boot.c.obj (.reset)

.text      0    00010000    000074f0     
                  00010000    0000072a     rts430x_lc_rd_eabi.lib : addd.c.obj (.text:__mspabi_addd)
                  0001072a    00000468                            : frcdivd.c.obj (.text:__TI_frcdivd)
                  00010b92    00000406                            : strtof.c.obj (.text:strtof)
                  00010f98    0000034e                            : div64u.c.obj (.text:__mspabi_divull)
                  000112e6    000002f6     serial.obj (.text:xSerialvPrintf)
                  000115dc    000002a6     rts430x_lc_rd_eabi.lib : _printfi.c.obj (.text:__TI_printfi:__TI_printfi)
                  00011882    00000292                            : mpyd.c.obj (.text:__mspabi_mpyd)
                  00011b14    0000027a                            : _printfi.c.obj (.text:__TI_printfi:_setfield___TI_printfi)
                  00011d8e    00000268                            : _printfi.c.obj (.text:_pproc_fgea)
                  00011ff6    00000224                            : _printfi.c.obj (.text:acvt)
                  0001221a    0000021c                            : divd.c.obj (.text:__mspabi_divd)
                  00012436    0000020a     serial.obj (.text:xSerialGetStringWithHistory)
                  00012640    00000206     rts430x_lc_rd_eabi.lib : _printfi.c.obj (.text:__TI_printfi:_getarg_diouxp___TI_printfi)
                  00012846    000001e6                            : _printfi.c.obj (.text:ecvt)
                  00012a2c    000001cc                            : strtoul.c.obj (.text:strtoul)
                  00012bf8    000001c8                            : _printfi.c.obj (.text:fcvt)
                  00012dc0    000001a2                            : _printfi.c.obj (.text:_pconv_e)
                  00012f62    00000182     queue.obj (.text:xQueueGenericSend)
                  000130e4    00000170     rts430x_lc_rd_eabi.lib : _printfi.c.obj (.text:_pconv_a)
                  00013254    0000016e     queue.obj (.text:xQueueReceive)
                  000133c2    00000164     rts430x_lc_rd_eabi.lib : frcmpyd.c.obj (.text:__TI_frcmpyd)
                  00013526    0000015a                            : s_scalbn.c.obj (.text:scalbn)
                  00013680    00000148                            : _printfi.c.obj (.text:__TI_printfi:_pproc_diouxp___TI_printfi)
                  000137c8    00000132                            : fs_add.asm.obj (.text)
                  000138fa    0000012e     commands.obj (.text:Cmd_led)
                  00013a28    00000128     rts430x_lc_rd_eabi.lib : _printfi.c.obj (.text:__TI_printfi:_ltostr___TI_printfi)
                  00013b50    00000126     tasks.obj (.text:vTaskGetRunTimeStats)
                  00013c76    00000122     timers.obj (.text:prvProcessReceivedCommands)
                  00013d98    0000011c     tasks.obj (.text:vTaskSwitchContext)
                  00013eb4    00000108     tasks.obj (.text:vTaskList)
                  00013fbc    00000108     serial.obj (.text:xSerialPortInitMinimal)
                  000140c4    000000fc     rts430x_lc_rd_eabi.lib : _printfi.c.obj (.text:_pconv_g)
                  000141c0    000000ec     commands.obj (.text:LEDsOnOff)
                  000142ac    000000ea     rts430x_lc_rd_eabi.lib : _printfi.c.obj (.text:__TI_printfi:_pproc_fwp___TI_printfi)
                  00014396    000000e8     tasks.obj (.text:xTaskIncrementTick)
                  0001447e    000000e4     rts430x_lc_rd_eabi.lib : s_scalbnf.c.obj (.text:scalbnf)
                  00014562    000000e2     ucs.obj (.text:UCS_initFLL)
                  00014644    000000e0     pmm.obj (.text:PMM_setVCoreUp)
                  00014724    000000e0     heap_4.obj (.text:pvPortMalloc)
                  00014804    000000dc     tasks.obj (.text:prvInitialiseNewTask)
                  000148e0    000000d8     rts430x_lc_rd_eabi.lib : cmpd.c.obj (.text:__mspabi_cmpd)
                  000149b8    000000d6     usci_a_uart.obj (.text:USCI_A_UART_init)
                  00014a8e    000000d2     tasks.obj (.text:xTaskResumeAll)
                  00014b60    000000ca     hal.obj (.text:initPorts)
                  00014c2a    000000c8     rts430x_lc_rd_eabi.lib : _printfi.c.obj (.text:__TI_printfi:_pproc_wstr___TI_printfi)
                  00014cf2    000000b8     commands.obj (.text:Cmd_blink)
                  00014daa    000000b8     rts430x_lc_rd_eabi.lib : fs_mpy.asm.obj (.text)
                  00014e62    000000aa     queue.obj (.text:xQueueGenericReset)
                  00014f0c    000000a6     ucs.obj (.text:UCS_initClockSignal)
                  00014fb2    000000a6     rts430x_lc_rd_eabi.lib : _printfi.c.obj (.text:__TI_printfi:_pproc_str___TI_printfi)
                  00015058    000000a6                            : s_frexp.c.obj (.text:frexp)
                  000150fe    000000a6     portext.obj (.text)
                  000151a4    000000a6     commands.obj (.text:vUARTTask)
                  0001524a    000000a4     tasks.obj (.text:uxTaskGetSystemState)
                  000152ee    000000a2     pmm.obj (.text:PMM_setVCoreDown)
                  00015390    000000a0     queue.obj (.text:prvUnlockQueue)
                  00015430    0000009e     rts430x_lc_rd_eabi.lib : fltlid.c.obj (.text:__mspabi_fltlid)
                  000154ce    0000009c     tasks.obj (.text:prvAddNewTaskToReadyList)
                  0001556a    0000009c     tasks.obj (.text:vTaskGetInfo)
                  00015606    0000009a     queue.obj (.text:prvCopyDataToQueue)
                  000156a0    00000090     rts430x_lc_rd_eabi.lib : _printfi.c.obj (.text:_ecpy)
                  00015730    00000090                            : _printfi.c.obj (.text:_mcpy)
                  000157c0    00000090     tasks.obj (.text:prvListTasksWithinSingleList)
                  00015850    00000090     rts430x_lc_rd_eabi.lib : fs_div.asm.obj (.text)
                  000158e0    00000086     timers.obj (.text:prvSwitchTimerLists)
                  00015966    00000086     queue.obj (.text:xQueueGenericSendFromISR)
                  000159ec    00000080     rts430x_lc_rd_eabi.lib : _ltoa.c.obj (.text:__TI_ltoa)
                  00015a6c    00000080     tasks.obj (.text:xTaskPriorityDisinherit)
                  00015aec    00000080     tasks.obj (.text:xTaskRemoveFromEventList)
                  00015b6c    0000007e     tasks.obj (.text:xTaskCreate)
                  00015bea    00000078     rts430x_lc_rd_eabi.lib : _printfi.c.obj (.text:_pconv_f)
                  00015c62    00000076     cmdline.obj (.text:CmdLineProcess)
                  00015cd8    00000076     rts430x_lc_rd_eabi.lib : copy_decompress_lzss.c.obj (.text:decompress:lzss:__TI_decompress_lzss)
                  00015d4e    00000076     tasks.obj (.text:eTaskGetState)
                  00015dc4    00000076     timers.obj (.text:xTimerGenericCommand)
                  00015e3a    00000074     tasks.obj (.text:xTaskCheckForTimeOut)
                  00015eae    00000070     queue.obj (.text:xQueueReceiveFromISR)
                  00015f1e    0000006e     tasks.obj (.text:prvAddCurrentTaskToDelayedList)
                  00015f8c    00000068     commands.obj (.text:initCommands)
                  00015ff4    00000068     timers.obj (.text:prvProcessTimerOrBlockTask)
                  0001605c    00000066     rts430x_lc_rd_eabi.lib : fixdli.c.obj (.text:__mspabi_fixdli)
                  000160c2    00000066     heap_4.obj (.text:prvHeapInit)
                  00016128    00000066     heap_4.obj (.text:prvInsertBlockIntoFreeList)
                  0001618e    00000066     timers.obj (.text:prvProcessExpiredTimer)
                  000161f4    00000062     rts430x_lc_rd_eabi.lib : atoi.c.obj (.text:atoi)
                  00016256    00000060     heap_4.obj (.text:vPortFree)
                  000162b6    0000005c     rts430x_lc_rd_eabi.lib : mult64_f5hw.asm.obj (.text:__mpyll)
                  00016312    0000005a     commands.obj (.text:Cmd_help)
                  0001636c    0000005a     timers.obj (.text:prvCheckForValidListAndQueue)
                  000163c6    0000005a     tasks.obj (.text:vTaskStartScheduler)
                  00016420    00000058     rts430x_lc_rd_eabi.lib : div32u.asm.obj (.text)
                  00016478    00000056     commands.obj (.text:Cmd_stats)
                  000164ce    00000056     commands.obj (.text:Cmd_tasks)
                  00016524    00000056     hal.obj (.text:initButtons)
                  0001657a    00000054     rts430x_lc_rd_eabi.lib : autoinit.c.obj (.text:__TI_auto_init_nobinit_nopinit_hold_wdt:__TI_auto_init_nobinit_nopinit_hold_wdt)
                  000165ce    00000052     pmm.obj (.text:PMM_setVCore)
                  00016620    00000050     tasks.obj (.text:prvInitialiseTaskLists)
                  00016670    0000004e     rts430x_lc_rd_eabi.lib : _printfi.c.obj (.text:_fcpy)
                  000166be    0000004e     queue.obj (.text:vQueueWaitForMessageRestricted)
                  0001670c    0000004e     timers.obj (.text:xTimerCreateTimerTask)
                  0001675a    0000004c     timers.obj (.text:prvInsertTimerInActiveList)
                  000167a6    0000004a     hal.obj (.text:initClocks)
                  000167f0    0000004a     rts430x_lc_rd_eabi.lib : fs_cmp.asm.obj (.text)
                  0001683a    0000004a     queue.obj (.text:xQueueGenericCreate)
                  00016884    00000046     rts430x_lc_rd_eabi.lib : fs_tou.asm.obj (.text)
                  000168ca    00000044                            : sprintf.c.obj (.text:sprintf)
                  0001690e    00000040                            : asr64.c.obj (.text:__mspabi_srall)
                  0001694e    00000040                            : div32s.asm.obj (.text)
                  0001698e    00000040     list.obj (.text:vListInsert)
                  000169ce    0000003e     main.obj (.text:Button2_diferido)
                  00016a0c    0000003e     gpio.obj (.text:GPIO_setAsInputPinWithPullUpResistor)
                  00016a4a    0000003e     rts430x_lc_rd_eabi.lib : asr32.asm.obj (.text:l_asr_const)
                  00016a88    0000003e                            : lsl32.asm.obj (.text:l_lsl_const)
                  00016ac6    0000003e                            : lsr32.asm.obj (.text:l_lsr_const)
                  00016b04    0000003a                            : lsl64.c.obj (.text:__mspabi_sllll)
                  00016b3e    0000003a                            : lsr64.c.obj (.text:__mspabi_srlll)
                  00016b78    0000003a     list.obj (.text:uxListRemove)
                  00016bb2    00000038     ucs.obj (.text:UCS_turnOnLFXT1)
                  00016bea    00000038     main.obj (.text:prvSetupHardware)
                  00016c22    00000034     tasks.obj (.text:vTaskPlaceOnEventListRestricted)
                  00016c56    00000032     rts430x_lc_rd_eabi.lib : subd.c.obj (.text:__mspabi_subd)
                  00016c88    00000032     queue.obj (.text:prvCopyDataFromQueue)
                  00016cba    00000032     tasks.obj (.text:prvWriteNameToBuffer)
                  00016cec    00000032     timers.obj (.text:xTimerPendFunctionCallFromISR)
                  00016d1e    00000030     tasks.obj (.text:vTaskDelay)
                  00016d4e    0000002e     gpio.obj (.text:GPIO_selectInterruptEdge)
                  00016d7c    0000002e     rts430x_lc_rd_eabi.lib : negd.c.obj (.text:__mspabi_negd)
                  00016daa    0000002e                            : s_copysign.c.obj (.text:copysign)
                  00016dd8    0000002e     queue.obj (.text:prvIsQueueFull)
                  00016e06    0000002e     rts430x_lc_rd_eabi.lib : strncmp.c.obj (.text:strncmp)
                  00016e34    0000002c                            : mult3264_f5hw.asm.obj (.text:__mpyull)
                  00016e60    0000002c     queue.obj (.text:prvIsQueueEmpty)
                  00016e8c    0000002c     tasks.obj (.text:vTaskPlaceOnEventList)
                  00016eb8    0000002a     queue.obj (.text:prvInitialiseNewQueue)
                  00016ee2    00000028     gpio.obj (.text:GPIO_setAsOutputPin)
                  00016f0a    00000028     gpio.obj (.text:GPIO_setAsPeripheralModuleFunctionInputPin)
                  00016f32    00000028     rts430x_lc_rd_eabi.lib : fixdi.c.obj (.text:__mspabi_fixdi)
                  00016f5a    00000028     timers.obj (.text:prvGetNextExpireTime)
                  00016f82    00000028     timers.obj (.text:prvSampleTimeNow)
                  00016faa    00000028     list.obj (.text:vListInitialise)
                  00016fd2    00000026     commands.obj (.text:Cmd_free)
                  00016ff8    00000026     rts430x_lc_rd_eabi.lib : memccpy.c.obj (.text:memccpy)
                  0001701e    00000026     main.obj (.text:vApplicationSetupTimerInterrupt)
                  00017044    00000026     list.obj (.text:vListInsertEnd)
                  0001706a    00000024     rts430x_lc_rd_eabi.lib : copy_zero_init.c.obj (.text:decompress:ZI:__TI_zero_init)
                  0001708e    00000024     main.obj (.text:main)
                  000170b2    00000024     tasks.obj (.text:prvResetNextTaskUnblockTime)
                  000170d6    00000024     port.obj (.text:pxPortInitialiseStack)
                  000170fa    00000024     rts430x_lc_rd_eabi.lib : mult32_f5hw.asm.obj (.text)
                  0001711e    00000024     tasks.obj (.text:xTaskGetTickCount)
                  00017142    00000022     tasks.obj (.text:prvTaskCheckFreeStackSpace)
                  00017164    00000022     serial.obj (.text:xSerialWrite)
                  00017186    00000020     wdt_a.obj (.text:WDT_A_hold)
                  000171a6    00000020     rts430x_lc_rd_eabi.lib : sprintf.c.obj (.text:_outs)
                  000171c6    00000020     RunTimeStatsConfig.obj (.text:vConfigureTimerForRunTimeStats)
                  000171e6    0000001e     gpio.obj (.text:GPIO_clearInterrupt)
                  00017204    0000001e     gpio.obj (.text:GPIO_enableInterrupt)
                  00017222    0000001e     usci_a_uart.obj (.text:USCI_A_UART_enableInterrupt)
                  00017240    0000001c     gpio.obj (.text:GPIO_getInputPinValue)
                  0001725c    0000001c     gpio.obj (.text:GPIO_setOutputHighOnPin)
                  00017278    0000001c     gpio.obj (.text:GPIO_setOutputLowOnPin)
                  00017294    0000001c     gpio.obj (.text:GPIO_toggleOutputOnPin)
                  000172b0    0000001c     rts430x_lc_rd_eabi.lib : strchr.c.obj (.text:strchr)
                  000172cc    0000001c                            : strcmp.c.obj (.text:strcmp)
                  000172e8    0000001a     serial.obj (.text:xSerialPutChar)
                  00017302    00000018     main.obj (.text:Button1_diferido)
                  0001731a    00000018     rts430x_lc_rd_eabi.lib : mult16_f5hw.asm.obj (.text)
                  00017332    00000018     tasks.obj (.text:xTaskGetSchedulerState)
                  0001734a    00000016     rts430x_lc_rd_eabi.lib : memset.c.obj (.text:memset)
                  00017360    00000016     timers.obj (.text:prvTimerTask)
                  00017376    00000016     rts430x_lc_rd_eabi.lib : div16u.asm.obj (.text)
                  0001738c    00000016                            : wcslen.c.obj (.text:wcslen)
                  000173a2    00000014                            : sprintf.c.obj (.text:_outc)
                  000173b6    00000014                            : memcpy.c.obj (.text:memcpy)
                  000173ca    00000014     serial.obj (.text:xSerialPrintf)
                  000173de    00000012     rts430x_lc_rd_eabi.lib : s_copysignf.c.obj (.text:copysignf)
                  000173f0    00000012                            : copy_decompress_none.c.obj (.text:decompress:none:__TI_decompress_none)
                  00017402    00000012     tasks.obj (.text:prvIdleTask)
                  00017414    00000012     rts430x_lc_rd_eabi.lib : strcpy.c.obj (.text:strcpy)
                  00017426    00000012                            : toupper.c.obj (.text:toupper)
                  00017438    00000010     RunTimeStatsConfig.obj (.text:GetOverflowCounts)
                  00017448    00000010     rts430x_lc_rd_eabi.lib : lsr32.asm.obj (.text:l_lsr)
                  00017458    0000000e                            : strlen.c.obj (.text:strlen)
                  00017466    0000000e     tasks.obj (.text:vTaskInternalSetTimeOutState)
                  00017474    0000000c     usci_a_uart.obj (.text:USCI_A_UART_clearInterrupt)
                  00017480    0000000c     rts430x_lc_rd_eabi.lib : fltid.c.obj (.text:__mspabi_fltid)
                  0001748c    0000000a     system_pre_init.obj (.text:_system_pre_init)
                  00017496    0000000a     rts430x_lc_rd_eabi.lib : abs.c.obj (.text:abs)
                  000174a0    0000000a                            : fs_neg.asm.obj (.text)
                  000174aa    0000000a     main.obj (.text:vApplicationIdleHook)
                  000174b4    0000000a     main.obj (.text:vApplicationStackOverflowHook)
                  000174be    0000000a     serial.obj (.text:xSerialGetChar)
                  000174c8    00000008     list.obj (.text:vListInitialiseItem)
                  000174d0    00000006     usci_a_uart.obj (.text:USCI_A_UART_enable)
                  000174d6    00000006     rts430x_lc_rd_eabi.lib : exit.c.obj (.text:abort)
                  000174dc    00000006     tasks.obj (.text:vTaskMissedYield)
                  000174e2    00000006     tasks.obj (.text:vTaskSuspendAll)
                  000174e8    00000006     heap_4.obj (.text:xPortGetFreeHeapSize)
                  000174ee    00000002     rts430x_lc_rd_eabi.lib : startup.c.obj (.text:_system_post_cinit)

MODULE SUMMARY

       Module                       code    ro data   rw data
       ------                       ----    -------   -------
    .\
       commands.obj                 1292    1092      4      
       main.obj                     424     40        8      
       hal.obj                      362     0         0      
       system_pre_init.obj          10      0         0      
    +--+----------------------------+-------+---------+---------+
       Total:                       2088    1132      12     
                                                             
    .\FreeRTOS\Source\
       tasks.obj                    3388    50        172    
       queue.obj                    1816    0         0      
       timers.obj                   1144    8         50     
       list.obj                     208     0         0      
    +--+----------------------------+-------+---------+---------+
       Total:                       6556    58        222    
                                                             
    .\FreeRTOS\Source\portable\CCS\MSP430X\
       portext.obj                  166     0         0      
       port.obj                     52      2         2      
    +--+----------------------------+-------+---------+---------+
       Total:                       218     2         2      
                                                             
    .\FreeRTOS\Source\portable\MemMang\
       heap_4.obj                   530     0         6164   
    +--+----------------------------+-------+---------+---------+
       Total:                       530     0         6164   
                                                             
    .\MSP430F5xx_6xx\
       pmm.obj                      468     0         0      
       ucs.obj                      448     0         0      
       gpio.obj                     360     28        0      
       usci_a_uart.obj              262     0         0      
       wdt_a.obj                    32      0         0      
    +--+----------------------------+-------+---------+---------+
       Total:                       1570    28        0      
                                                             
    .\utils\
       serial.obj                   1734    56        284    
       cmdline.obj                  118     0         36     
       RunTimeStatsConfig.obj       54      2         4      
    +--+----------------------------+-------+---------+---------+
       Total:                       1906    58        324    
                                                             
    C:\ti\ccs1240\ccs\tools\compiler\ti-cgt-msp430_21.6.1.LTS\lib\rts430x_lc_rd_eabi.lib
       _printfi.c.obj               6684    38        0      
       addd.c.obj                   1834    0         0      
       frcdivd.c.obj                1128    0         0      
       strtof.c.obj                 1030    88        0      
       div64u.c.obj                 846     0         0      
       mpyd.c.obj                   658     0         0      
       divd.c.obj                   540     0         0      
       strtoul.c.obj                460     0         0      
       frcmpyd.c.obj                356     0         0      
       s_scalbn.c.obj               346     0         0      
       fs_add.asm.obj               306     0         0      
       ctype.c.obj                  0       257       0      
       s_scalbnf.c.obj              228     0         0      
       cmpd.c.obj                   216     0         0      
       fs_mpy.asm.obj               184     0         0      
       s_frexp.c.obj                166     0         0      
       fltlid.c.obj                 158     0         0      
       fs_div.asm.obj               144     0         0      
       _ltoa.c.obj                  128     0         0      
       sprintf.c.obj                120     0         0      
       copy_decompress_lzss.c.obj   118     0         0      
       fixdli.c.obj                 102     0         0      
       atoi.c.obj                   98      0         0      
       mult64_f5hw.asm.obj          92      0         0      
       div32u.asm.obj               88      0         0      
       autoinit.c.obj               84      0         0      
       lsr32.asm.obj                78      0         0      
       fs_cmp.asm.obj               74      0         0      
       fs_tou.asm.obj               70      0         0      
       asr64.c.obj                  64      0         0      
       div32s.asm.obj               64      0         0      
       asr32.asm.obj                62      0         0      
       lsl32.asm.obj                62      0         0      
       lsl64.c.obj                  58      0         0      
       lsr64.c.obj                  58      0         0      
       subd.c.obj                   50      0         0      
       negd.c.obj                   46      0         0      
       s_copysign.c.obj             46      0         0      
       strncmp.c.obj                46      0         0      
       mult3264_f5hw.asm.obj        44      0         0      
       fixdi.c.obj                  40      0         0      
       memccpy.c.obj                38      0         0      
       copy_zero_init.c.obj         36      0         0      
       mult32_f5hw.asm.obj          36      0         0      
       boot.c.obj                   28      2         0      
       strchr.c.obj                 28      0         0      
       strcmp.c.obj                 28      0         0      
       mult16_f5hw.asm.obj          24      0         0      
       div16u.asm.obj               22      0         0      
       memset.c.obj                 22      0         0      
       wcslen.c.obj                 22      0         0      
       memcpy.c.obj                 20      0         0      
       copy_decompress_none.c.obj   18      0         0      
       s_copysignf.c.obj            18      0         0      
       strcpy.c.obj                 18      0         0      
       toupper.c.obj                18      0         0      
       strlen.c.obj                 14      0         0      
       fltid.c.obj                  12      0         0      
       abs.c.obj                    10      0         0      
       fs_neg.asm.obj               10      0         0      
       isr_trap.asm.obj             8       0         0      
       exit.c.obj                   6       0         0      
       errno.c.obj                  0       0         2      
       int41.asm.obj                0       2         0      
       int43.asm.obj                0       2         0      
       int45.asm.obj                0       2         0      
       int48.asm.obj                0       2         0      
       int49.asm.obj                0       2         0      
       int50.asm.obj                0       2         0      
       int51.asm.obj                0       2         0      
       int52.asm.obj                0       2         0      
       int54.asm.obj                0       2         0      
       int55.asm.obj                0       2         0      
       int56.asm.obj                0       2         0      
       int57.asm.obj                0       2         0      
       int58.asm.obj                0       2         0      
       int59.asm.obj                0       2         0      
       int60.asm.obj                0       2         0      
       int61.asm.obj                0       2         0      
       int62.asm.obj                0       2         0      
       startup.c.obj                2       0         0      
    +--+----------------------------+-------+---------+---------+
       Total:                       17414   419       2      
                                                             
       Stack:                       0       0         160    
       Linker Generated:            0       45        0      
    +--+----------------------------+-------+---------+---------+
       Grand Total:                 30282   1742      6886   


LINKER GENERATED COPY TABLES

__TI_cinit_table @ 00004bec records: 2, size/record: 8, table size: 16
	.data: load addr=00004bda, load size=0000000b bytes, run addr=00003dfe, run size=00000048 bytes, compression=lzss
	.bss: load addr=00004be6, load size=00000006 bytes, run addr=00002400, run size=000019fe bytes, compression=zero_init


LINKER GENERATED HANDLER TABLE

__TI_handler_table @ 00004bce records: 3, size/record: 4, table size: 12
	index: 0, handler: __TI_zero_init
	index: 1, handler: __TI_decompress_lzss
	index: 2, handler: __TI_decompress_none


GLOBAL SYMBOLS: SORTED ALPHABETICALLY BY Name 

address   name                                      
-------   ----                                      
00000700  ADC12CTL0                                 
00000701  ADC12CTL0_H                               
00000700  ADC12CTL0_L                               
00000702  ADC12CTL1                                 
00000703  ADC12CTL1_H                               
00000702  ADC12CTL1_L                               
00000704  ADC12CTL2                                 
00000705  ADC12CTL2_H                               
00000704  ADC12CTL2_L                               
0000070c  ADC12IE                                   
0000070d  ADC12IE_H                                 
0000070c  ADC12IE_L                                 
0000070a  ADC12IFG                                  
0000070b  ADC12IFG_H                                
0000070a  ADC12IFG_L                                
0000070e  ADC12IV                                   
0000070f  ADC12IV_H                                 
0000070e  ADC12IV_L                                 
00000710  ADC12MCTL0                                
00000711  ADC12MCTL1                                
0000071a  ADC12MCTL10                               
0000071b  ADC12MCTL11                               
0000071c  ADC12MCTL12                               
0000071d  ADC12MCTL13                               
0000071e  ADC12MCTL14                               
0000071f  ADC12MCTL15                               
00000712  ADC12MCTL2                                
00000713  ADC12MCTL3                                
00000714  ADC12MCTL4                                
00000715  ADC12MCTL5                                
00000716  ADC12MCTL6                                
00000717  ADC12MCTL7                                
00000718  ADC12MCTL8                                
00000719  ADC12MCTL9                                
00000720  ADC12MEM0                                 
00000721  ADC12MEM0_H                               
00000720  ADC12MEM0_L                               
00000722  ADC12MEM1                                 
00000734  ADC12MEM10                                
00000735  ADC12MEM10_H                              
00000734  ADC12MEM10_L                              
00000736  ADC12MEM11                                
00000737  ADC12MEM11_H                              
00000736  ADC12MEM11_L                              
00000738  ADC12MEM12                                
00000739  ADC12MEM12_H                              
00000738  ADC12MEM12_L                              
0000073a  ADC12MEM13                                
0000073b  ADC12MEM13_H                              
0000073a  ADC12MEM13_L                              
0000073c  ADC12MEM14                                
0000073d  ADC12MEM14_H                              
0000073c  ADC12MEM14_L                              
0000073e  ADC12MEM15                                
0000073f  ADC12MEM15_H                              
0000073e  ADC12MEM15_L                              
00000723  ADC12MEM1_H                               
00000722  ADC12MEM1_L                               
00000724  ADC12MEM2                                 
00000725  ADC12MEM2_H                               
00000724  ADC12MEM2_L                               
00000726  ADC12MEM3                                 
00000727  ADC12MEM3_H                               
00000726  ADC12MEM3_L                               
00000728  ADC12MEM4                                 
00000729  ADC12MEM4_H                               
00000728  ADC12MEM4_L                               
0000072a  ADC12MEM5                                 
0000072b  ADC12MEM5_H                               
0000072a  ADC12MEM5_L                               
0000072c  ADC12MEM6                                 
0000072d  ADC12MEM6_H                               
0000072c  ADC12MEM6_L                               
0000072e  ADC12MEM7                                 
0000072f  ADC12MEM7_H                               
0000072e  ADC12MEM7_L                               
00000730  ADC12MEM8                                 
00000731  ADC12MEM8_H                               
00000730  ADC12MEM8_L                               
00000732  ADC12MEM9                                 
00000733  ADC12MEM9_H                               
00000732  ADC12MEM9_L                               
00004464  Button1_ISR                               
00017302  Button1_diferido                          
000044c2  Button2_ISR                               
000169ce  Button2_diferido                          
000174d6  C$$EXIT                                   
000008c0  CBCTL0                                    
000008c1  CBCTL0_H                                  
000008c0  CBCTL0_L                                  
000008c2  CBCTL1                                    
000008c3  CBCTL1_H                                  
000008c2  CBCTL1_L                                  
000008c4  CBCTL2                                    
000008c5  CBCTL2_H                                  
000008c4  CBCTL2_L                                  
000008c6  CBCTL3                                    
000008c7  CBCTL3_H                                  
000008c6  CBCTL3_L                                  
000008cc  CBINT                                     
000008cd  CBINT_H                                   
000008cc  CBINT_L                                   
000008ce  CBIV                                      
00000150  CRCDI                                     
00000152  CRCDIRB                                   
00000153  CRCDIRB_H                                 
00000152  CRCDIRB_L                                 
00000151  CRCDI_H                                   
00000150  CRCDI_L                                   
00000154  CRCINIRES                                 
00000155  CRCINIRES_H                               
00000154  CRCINIRES_L                               
00000156  CRCRESR                                   
00000157  CRCRESR_H                                 
00000156  CRCRESR_L                                 
00015c62  CmdLineProcess                            
00016fd2  Cmd_free                                  
00000510  DMA0CTL                                   
00000516  DMA0DA                                    
00000518  DMA0DAH                                   
00000516  DMA0DAL                                   
00000512  DMA0SA                                    
00000514  DMA0SAH                                   
00000512  DMA0SAL                                   
0000051a  DMA0SZ                                    
00000520  DMA1CTL                                   
00000526  DMA1DA                                    
00000528  DMA1DAH                                   
00000526  DMA1DAL                                   
00000522  DMA1SA                                    
00000524  DMA1SAH                                   
00000522  DMA1SAL                                   
0000052a  DMA1SZ                                    
00000530  DMA2CTL                                   
00000536  DMA2DA                                    
00000538  DMA2DAH                                   
00000536  DMA2DAL                                   
00000532  DMA2SA                                    
00000534  DMA2SAH                                   
00000532  DMA2SAL                                   
0000053a  DMA2SZ                                    
00000500  DMACTL0                                   
00000502  DMACTL1                                   
00000504  DMACTL2                                   
00000506  DMACTL3                                   
00000508  DMACTL4                                   
0000050e  DMAIV                                     
00000140  FCTL1                                     
00000141  FCTL1_H                                   
00000140  FCTL1_L                                   
00000144  FCTL3                                     
00000145  FCTL3_H                                   
00000144  FCTL3_L                                   
00000146  FCTL4                                     
00000147  FCTL4_H                                   
00000146  FCTL4_L                                   
000171e6  GPIO_clearInterrupt                       
00017204  GPIO_enableInterrupt                      
00017240  GPIO_getInputPinValue                     
00016d4e  GPIO_selectInterruptEdge                  
00016a0c  GPIO_setAsInputPinWithPullUpResistor      
00016ee2  GPIO_setAsOutputPin                       
00016f0a  GPIO_setAsPeripheralModuleFunctionInputPin
0001725c  GPIO_setOutputHighOnPin                   
00017278  GPIO_setOutputLowOnPin                    
00017294  GPIO_toggleOutputOnPin                    
00017438  GetOverflowCounts                         
000004c4  MAC                                       
000004da  MAC32H                                    
000004db  MAC32H_H                                  
000004da  MAC32H_L                                  
000004d8  MAC32L                                    
000004d9  MAC32L_H                                  
000004d8  MAC32L_L                                  
000004c6  MACS                                      
000004de  MACS32H                                   
000004df  MACS32H_H                                 
000004de  MACS32H_L                                 
000004dc  MACS32L                                   
000004dd  MACS32L_H                                 
000004dc  MACS32L_L                                 
000004c7  MACS_H                                    
000004c6  MACS_L                                    
000004c5  MAC_H                                     
000004c4  MAC_L                                     
000004c0  MPY                                       
000004ec  MPY32CTL0                                 
000004ed  MPY32CTL0_H                               
000004ec  MPY32CTL0_L                               
000004d2  MPY32H                                    
000004d3  MPY32H_H                                  
000004d2  MPY32H_L                                  
000004d0  MPY32L                                    
000004d1  MPY32L_H                                  
000004d0  MPY32L_L                                  
000004c2  MPYS                                      
000004d6  MPYS32H                                   
000004d7  MPYS32H_H                                 
000004d6  MPYS32H_L                                 
000004d4  MPYS32L                                   
000004d5  MPYS32L_H                                 
000004d4  MPYS32L_L                                 
000004c3  MPYS_H                                    
000004c2  MPYS_L                                    
000004c1  MPY_H                                     
000004c0  MPY_L                                     
000004c8  OP2                                       
000004e2  OP2H                                      
000004e3  OP2H_H                                    
000004e2  OP2H_L                                    
000004e0  OP2L                                      
000004e1  OP2L_H                                    
000004e0  OP2L_L                                    
000004c9  OP2_H                                     
000004c8  OP2_L                                     
0000020e  P1IV                                      
0000021e  P2IV                                      
000001e0  P4MAP01                                   
000001e1  P4MAP01_H                                 
000001e0  P4MAP01_L                                 
000001e2  P4MAP23                                   
000001e3  P4MAP23_H                                 
000001e2  P4MAP23_L                                 
000001e4  P4MAP45                                   
000001e5  P4MAP45_H                                 
000001e4  P4MAP45_L                                 
000001e6  P4MAP67                                   
000001e7  P4MAP67_H                                 
000001e6  P4MAP67_L                                 
00000204  PADIR                                     
00000205  PADIR_H                                   
00000204  PADIR_L                                   
00000208  PADS                                      
00000209  PADS_H                                    
00000208  PADS_L                                    
0000021a  PAIE                                      
00000218  PAIES                                     
00000219  PAIES_H                                   
00000218  PAIES_L                                   
0000021b  PAIE_H                                    
0000021a  PAIE_L                                    
0000021c  PAIFG                                     
0000021d  PAIFG_H                                   
0000021c  PAIFG_L                                   
00000200  PAIN                                      
00000201  PAIN_H                                    
00000200  PAIN_L                                    
00000202  PAOUT                                     
00000203  PAOUT_H                                   
00000202  PAOUT_L                                   
00000206  PAREN                                     
00000207  PAREN_H                                   
00000206  PAREN_L                                   
0000020a  PASEL                                     
0000020b  PASEL_H                                   
0000020a  PASEL_L                                   
00000224  PBDIR                                     
00000225  PBDIR_H                                   
00000224  PBDIR_L                                   
00000228  PBDS                                      
00000229  PBDS_H                                    
00000228  PBDS_L                                    
00000220  PBIN                                      
00000221  PBIN_H                                    
00000220  PBIN_L                                    
00000222  PBOUT                                     
00000223  PBOUT_H                                   
00000222  PBOUT_L                                   
00000226  PBREN                                     
00000227  PBREN_H                                   
00000226  PBREN_L                                   
0000022a  PBSEL                                     
0000022b  PBSEL_H                                   
0000022a  PBSEL_L                                   
00000244  PCDIR                                     
00000245  PCDIR_H                                   
00000244  PCDIR_L                                   
00000248  PCDS                                      
00000249  PCDS_H                                    
00000248  PCDS_L                                    
00000240  PCIN                                      
00000241  PCIN_H                                    
00000240  PCIN_L                                    
00000242  PCOUT                                     
00000243  PCOUT_H                                   
00000242  PCOUT_L                                   
00000246  PCREN                                     
00000247  PCREN_H                                   
00000246  PCREN_L                                   
0000024a  PCSEL                                     
0000024b  PCSEL_H                                   
0000024a  PCSEL_L                                   
00000264  PDDIR                                     
00000265  PDDIR_H                                   
00000264  PDDIR_L                                   
00000268  PDDS                                      
00000269  PDDS_H                                    
00000268  PDDS_L                                    
00000260  PDIN                                      
00000261  PDIN_H                                    
00000260  PDIN_L                                    
00000262  PDOUT                                     
00000263  PDOUT_H                                   
00000262  PDOUT_L                                   
00000266  PDREN                                     
00000267  PDREN_H                                   
00000266  PDREN_L                                   
0000026a  PDSEL                                     
0000026b  PDSEL_H                                   
0000026a  PDSEL_L                                   
00000324  PJDIR                                     
00000325  PJDIR_H                                   
00000324  PJDIR_L                                   
00000328  PJDS                                      
00000329  PJDS_H                                    
00000328  PJDS_L                                    
00000320  PJIN                                      
00000321  PJIN_H                                    
00000320  PJIN_L                                    
00000322  PJOUT                                     
00000323  PJOUT_H                                   
00000322  PJOUT_L                                   
00000326  PJREN                                     
00000327  PJREN_H                                   
00000326  PJREN_L                                   
00000130  PM5CTL0                                   
00000131  PM5CTL0_H                                 
00000130  PM5CTL0_L                                 
000001c2  PMAPCTL                                   
000001c3  PMAPCTL_H                                 
000001c2  PMAPCTL_L                                 
000001c0  PMAPKEYID                                 
000001c1  PMAPKEYID_H                               
000001c0  PMAPKEYID_L                               
00000120  PMMCTL0                                   
00000121  PMMCTL0_H                                 
00000120  PMMCTL0_L                                 
00000122  PMMCTL1                                   
00000123  PMMCTL1_H                                 
00000122  PMMCTL1_L                                 
0000012c  PMMIFG                                    
0000012d  PMMIFG_H                                  
0000012c  PMMIFG_L                                  
0000012e  PMMRIE                                    
0000012f  PMMRIE_H                                  
0000012e  PMMRIE_L                                  
000165ce  PMM_setVCore                              
000152ee  PMM_setVCoreDown                          
00014644  PMM_setVCoreUp                            
00000158  RCCTL0                                    
00000159  RCCTL0_H                                  
00000158  RCCTL0_L                                  
000001b0  REFCTL0                                   
000001b1  REFCTL0_H                                 
000001b0  REFCTL0_L                                 
000004e4  RES0                                      
000004e5  RES0_H                                    
000004e4  RES0_L                                    
000004e6  RES1                                      
000004e7  RES1_H                                    
000004e6  RES1_L                                    
000004e8  RES2                                      
000004e9  RES2_H                                    
000004e8  RES2_L                                    
000004ea  RES3                                      
000004eb  RES3_H                                    
000004ea  RES3_L                                    
000004cc  RESHI                                     
000004cd  RESHI_H                                   
000004cc  RESHI_L                                   
000004ca  RESLO                                     
000004cb  RESLO_H                                   
000004ca  RESLO_L                                   
000004ba  RTCADOWDAY                                
000004bb  RTCADOWDAY_H                              
000004ba  RTCADOWDAY_L                              
000004b8  RTCAMINHR                                 
000004b9  RTCAMINHR_H                               
000004b8  RTCAMINHR_L                               
000004a0  RTCCTL01                                  
000004a1  RTCCTL01_H                                
000004a0  RTCCTL01_L                                
000004a2  RTCCTL23                                  
000004a3  RTCCTL23_H                                
000004a2  RTCCTL23_L                                
000004b4  RTCDATE                                   
000004b5  RTCDATE_H                                 
000004b4  RTCDATE_L                                 
000004ae  RTCIV                                     
000004ac  RTCPS                                     
000004a8  RTCPS0CTL                                 
000004a9  RTCPS0CTL_H                               
000004a8  RTCPS0CTL_L                               
000004aa  RTCPS1CTL                                 
000004ab  RTCPS1CTL_H                               
000004aa  RTCPS1CTL_L                               
000004ad  RTCPS_H                                   
000004ac  RTCPS_L                                   
000004b0  RTCTIM0                                   
000004b1  RTCTIM0_H                                 
000004b0  RTCTIM0_L                                 
000004b2  RTCTIM1                                   
000004b3  RTCTIM1_H                                 
000004b2  RTCTIM1_L                                 
000004b6  RTCYEAR                                   
000004b7  RTCYEAR_H                                 
000004b6  RTCYEAR_L                                 
00000100  SFRIE1                                    
00000101  SFRIE1_H                                  
00000100  SFRIE1_L                                  
00000102  SFRIFG1                                   
00000103  SFRIFG1_H                                 
00000102  SFRIFG1_L                                 
00000104  SFRRPCR                                   
00000105  SFRRPCR_H                                 
00000104  SFRRPCR_L                                 
000004ce  SUMEXT                                    
000004cf  SUMEXT_H                                  
000004ce  SUMEXT_L                                  
00000124  SVSMHCTL                                  
00000125  SVSMHCTL_H                                
00000124  SVSMHCTL_L                                
00000128  SVSMIO                                    
00000129  SVSMIO_H                                  
00000128  SVSMIO_L                                  
00000126  SVSMLCTL                                  
00000127  SVSMLCTL_H                                
00000126  SVSMLCTL_L                                
00000198  SYSBERRIV                                 
00000199  SYSBERRIV_H                               
00000198  SYSBERRIV_L                               
00000182  SYSBSLC                                   
00000183  SYSBSLC_H                                 
00000182  SYSBSLC_L                                 
00000180  SYSCTL                                    
00000181  SYSCTL_H                                  
00000180  SYSCTL_L                                  
00000186  SYSJMBC                                   
00000187  SYSJMBC_H                                 
00000186  SYSJMBC_L                                 
00000188  SYSJMBI0                                  
00000189  SYSJMBI0_H                                
00000188  SYSJMBI0_L                                
0000018a  SYSJMBI1                                  
0000018b  SYSJMBI1_H                                
0000018a  SYSJMBI1_L                                
0000018c  SYSJMBO0                                  
0000018d  SYSJMBO0_H                                
0000018c  SYSJMBO0_L                                
0000018e  SYSJMBO1                                  
0000018f  SYSJMBO1_H                                
0000018e  SYSJMBO1_L                                
0000019e  SYSRSTIV                                  
0000019f  SYSRSTIV_H                                
0000019e  SYSRSTIV_L                                
0000019c  SYSSNIV                                   
0000019d  SYSSNIV_H                                 
0000019c  SYSSNIV_L                                 
0000019a  SYSUNIV                                   
0000019b  SYSUNIV_H                                 
0000019a  SYSUNIV_L                                 
00003e3a  StatsOverflowCount                        
00000352  TA0CCR0                                   
00000354  TA0CCR1                                   
00000356  TA0CCR2                                   
00000358  TA0CCR3                                   
0000035a  TA0CCR4                                   
00000342  TA0CCTL0                                  
00000344  TA0CCTL1                                  
00000346  TA0CCTL2                                  
00000348  TA0CCTL3                                  
0000034a  TA0CCTL4                                  
00000340  TA0CTL                                    
00000360  TA0EX0                                    
0000036e  TA0IV                                     
00000350  TA0R                                      
00000392  TA1CCR0                                   
00000394  TA1CCR1                                   
00000396  TA1CCR2                                   
00000382  TA1CCTL0                                  
00000384  TA1CCTL1                                  
00000386  TA1CCTL2                                  
00000380  TA1CTL                                    
000003a0  TA1EX0                                    
000003ae  TA1IV                                     
00000390  TA1R                                      
00000412  TA2CCR0                                   
00000414  TA2CCR1                                   
00000416  TA2CCR2                                   
00000402  TA2CCTL0                                  
00000404  TA2CCTL1                                  
00000406  TA2CCTL2                                  
00000400  TA2CTL                                    
00000420  TA2EX0                                    
0000042e  TA2IV                                     
00000410  TA2R                                      
000003d2  TB0CCR0                                   
000003d4  TB0CCR1                                   
000003d6  TB0CCR2                                   
000003d8  TB0CCR3                                   
000003da  TB0CCR4                                   
000003dc  TB0CCR5                                   
000003de  TB0CCR6                                   
000003c2  TB0CCTL0                                  
000003c4  TB0CCTL1                                  
000003c6  TB0CCTL2                                  
000003c8  TB0CCTL3                                  
000003ca  TB0CCTL4                                  
000003cc  TB0CCTL5                                  
000003ce  TB0CCTL6                                  
000003c0  TB0CTL                                    
000003e0  TB0EX0                                    
000003ee  TB0IV                                     
000003d0  TB0R                                      
000005d0  UCA0ABCTL                                 
000005c6  UCA0BRW                                   
000005c7  UCA0BRW_H                                 
000005c6  UCA0BRW_L                                 
000005c0  UCA0CTLW0                                 
000005c1  UCA0CTLW0_H                               
000005c0  UCA0CTLW0_L                               
000005dc  UCA0ICTL                                  
000005dd  UCA0ICTL_H                                
000005dc  UCA0ICTL_L                                
000005d2  UCA0IRCTL                                 
000005d3  UCA0IRCTL_H                               
000005d2  UCA0IRCTL_L                               
000005de  UCA0IV                                    
000005c8  UCA0MCTL                                  
000005cc  UCA0RXBUF                                 
000005ca  UCA0STAT                                  
000005ce  UCA0TXBUF                                 
00000610  UCA1ABCTL                                 
00000606  UCA1BRW                                   
00000607  UCA1BRW_H                                 
00000606  UCA1BRW_L                                 
00000600  UCA1CTLW0                                 
00000601  UCA1CTLW0_H                               
00000600  UCA1CTLW0_L                               
0000061c  UCA1ICTL                                  
0000061d  UCA1ICTL_H                                
0000061c  UCA1ICTL_L                                
00000612  UCA1IRCTL                                 
00000613  UCA1IRCTL_H                               
00000612  UCA1IRCTL_L                               
0000061e  UCA1IV                                    
00000608  UCA1MCTL                                  
0000060c  UCA1RXBUF                                 
0000060a  UCA1STAT                                  
0000060e  UCA1TXBUF                                 
000005e6  UCB0BRW                                   
000005e7  UCB0BRW_H                                 
000005e6  UCB0BRW_L                                 
000005e0  UCB0CTLW0                                 
000005e1  UCB0CTLW0_H                               
000005e0  UCB0CTLW0_L                               
000005f0  UCB0I2COA                                 
000005f1  UCB0I2COA_H                               
000005f0  UCB0I2COA_L                               
000005f2  UCB0I2CSA                                 
000005f3  UCB0I2CSA_H                               
000005f2  UCB0I2CSA_L                               
000005fc  UCB0ICTL                                  
000005fd  UCB0ICTL_H                                
000005fc  UCB0ICTL_L                                
000005fe  UCB0IV                                    
000005ec  UCB0RXBUF                                 
000005ea  UCB0STAT                                  
000005ee  UCB0TXBUF                                 
00000626  UCB1BRW                                   
00000627  UCB1BRW_H                                 
00000626  UCB1BRW_L                                 
00000620  UCB1CTLW0                                 
00000621  UCB1CTLW0_H                               
00000620  UCB1CTLW0_L                               
00000630  UCB1I2COA                                 
00000631  UCB1I2COA_H                               
00000630  UCB1I2COA_L                               
00000632  UCB1I2CSA                                 
00000633  UCB1I2CSA_H                               
00000632  UCB1I2CSA_L                               
0000063c  UCB1ICTL                                  
0000063d  UCB1ICTL_H                                
0000063c  UCB1ICTL_L                                
0000063e  UCB1IV                                    
0000062c  UCB1RXBUF                                 
0000062a  UCB1STAT                                  
0000062e  UCB1TXBUF                                 
00000160  UCSCTL0                                   
00000161  UCSCTL0_H                                 
00000160  UCSCTL0_L                                 
00000162  UCSCTL1                                   
00000163  UCSCTL1_H                                 
00000162  UCSCTL1_L                                 
00000164  UCSCTL2                                   
00000165  UCSCTL2_H                                 
00000164  UCSCTL2_L                                 
00000166  UCSCTL3                                   
00000167  UCSCTL3_H                                 
00000166  UCSCTL3_L                                 
00000168  UCSCTL4                                   
00000169  UCSCTL4_H                                 
00000168  UCSCTL4_L                                 
0000016a  UCSCTL5                                   
0000016b  UCSCTL5_H                                 
0000016a  UCSCTL5_L                                 
0000016c  UCSCTL6                                   
0000016d  UCSCTL6_H                                 
0000016c  UCSCTL6_L                                 
0000016e  UCSCTL7                                   
0000016f  UCSCTL7_H                                 
0000016e  UCSCTL7_L                                 
00000170  UCSCTL8                                   
00000171  UCSCTL8_H                                 
00000170  UCSCTL8_L                                 
00014f0c  UCS_initClockSignal                       
00014562  UCS_initFLL                               
00016bb2  UCS_turnOnLFXT1                           
00000902  USBCNF                                    
00000903  USBCNF_H                                  
00000902  USBCNF_L                                  
0000093c  USBCTL                                    
0000093a  USBFN                                     
0000093b  USBFN_H                                   
0000093a  USBFN_L                                   
0000093f  USBFUNADR                                 
0000093d  USBIE                                     
00002378  USBIEP0BUF                                
000023c9  USBIEPBBAX_1                              
000023d1  USBIEPBBAX_2                              
000023d9  USBIEPBBAX_3                              
000023e1  USBIEPBBAX_4                              
000023e9  USBIEPBBAX_5                              
000023f1  USBIEPBBAX_6                              
000023f9  USBIEPBBAX_7                              
000023cd  USBIEPBBAY_1                              
000023d5  USBIEPBBAY_2                              
000023dd  USBIEPBBAY_3                              
000023e5  USBIEPBBAY_4                              
000023ed  USBIEPBBAY_5                              
000023f5  USBIEPBBAY_6                              
000023fd  USBIEPBBAY_7                              
000023ca  USBIEPBCTX_1                              
000023d2  USBIEPBCTX_2                              
000023da  USBIEPBCTX_3                              
000023e2  USBIEPBCTX_4                              
000023ea  USBIEPBCTX_5                              
000023f2  USBIEPBCTX_6                              
000023fa  USBIEPBCTX_7                              
000023ce  USBIEPBCTY_1                              
000023d6  USBIEPBCTY_2                              
000023de  USBIEPBCTY_3                              
000023e6  USBIEPBCTY_4                              
000023ee  USBIEPBCTY_5                              
000023f6  USBIEPBCTY_6                              
000023fe  USBIEPBCTY_7                              
00000920  USBIEPCNF_0                               
000023c8  USBIEPCNF_1                               
000023d0  USBIEPCNF_2                               
000023d8  USBIEPCNF_3                               
000023e0  USBIEPCNF_4                               
000023e8  USBIEPCNF_5                               
000023f0  USBIEPCNF_6                               
000023f8  USBIEPCNF_7                               
00000921  USBIEPCNT_0                               
0000092e  USBIEPIE                                  
00000930  USBIEPIFG                                 
000023cf  USBIEPSIZXY_1                             
000023d7  USBIEPSIZXY_2                             
000023df  USBIEPSIZXY_3                             
000023e7  USBIEPSIZXY_4                             
000023ef  USBIEPSIZXY_5                             
000023f7  USBIEPSIZXY_6                             
000023ff  USBIEPSIZXY_7                             
0000093e  USBIFG                                    
00000900  USBKEYID                                  
00000901  USBKEYID_H                                
00000900  USBKEYID_L                                
00000936  USBMAINT                                  
00000937  USBMAINT_H                                
00000936  USBMAINT_L                                
00002370  USBOEP0BUF                                
00002389  USBOEPBBAX_1                              
00002391  USBOEPBBAX_2                              
00002399  USBOEPBBAX_3                              
000023a1  USBOEPBBAX_4                              
000023a9  USBOEPBBAX_5                              
000023b1  USBOEPBBAX_6                              
000023b9  USBOEPBBAX_7                              
0000238d  USBOEPBBAY_1                              
00002395  USBOEPBBAY_2                              
0000239d  USBOEPBBAY_3                              
000023a5  USBOEPBBAY_4                              
000023ad  USBOEPBBAY_5                              
000023b5  USBOEPBBAY_6                              
000023bd  USBOEPBBAY_7                              
0000238a  USBOEPBCTX_1                              
00002392  USBOEPBCTX_2                              
0000239a  USBOEPBCTX_3                              
000023a2  USBOEPBCTX_4                              
000023aa  USBOEPBCTX_5                              
000023b2  USBOEPBCTX_6                              
000023ba  USBOEPBCTX_7                              
0000238e  USBOEPBCTY_1                              
00002396  USBOEPBCTY_2                              
0000239e  USBOEPBCTY_3                              
000023a6  USBOEPBCTY_4                              
000023ae  USBOEPBCTY_5                              
000023b6  USBOEPBCTY_6                              
000023be  USBOEPBCTY_7                              
00000922  USBOEPCNF_0                               
00002388  USBOEPCNF_1                               
00002390  USBOEPCNF_2                               
00002398  USBOEPCNF_3                               
000023a0  USBOEPCNF_4                               
000023a8  USBOEPCNF_5                               
000023b0  USBOEPCNF_6                               
000023b8  USBOEPCNF_7                               
00000923  USBOEPCNT_0                               
0000092f  USBOEPIE                                  
00000931  USBOEPIFG                                 
0000238f  USBOEPSIZXY_1                             
00002397  USBOEPSIZXY_2                             
0000239f  USBOEPSIZXY_3                             
000023a7  USBOEPSIZXY_4                             
000023af  USBOEPSIZXY_5                             
000023b7  USBOEPSIZXY_6                             
000023bf  USBOEPSIZXY_7                             
00000904  USBPHYCTL                                 
00000905  USBPHYCTL_H                               
00000904  USBPHYCTL_L                               
00000910  USBPLLCTL                                 
00000911  USBPLLCTL_H                               
00000910  USBPLLCTL_L                               
00000912  USBPLLDIVB                                
00000913  USBPLLDIVB_H                              
00000912  USBPLLDIVB_L                              
00000914  USBPLLIR                                  
00000915  USBPLLIR_H                                
00000914  USBPLLIR_L                                
00000908  USBPWRCTL                                 
00000909  USBPWRCTL_H                               
00000908  USBPWRCTL_L                               
00001c00  USBSTABUFF                                
00002380  USBSUBLK                                  
0000236f  USBTOPBUFF                                
00000938  USBTSREG                                  
00000939  USBTSREG_H                                
00000938  USBTSREG_L                                
00000932  USBVECINT                                 
[...]
00000904  USBPHYCTL                                 
00000904  USBPHYCTL_L                               
00000905  USBPHYCTL_H                               
00000908  USBPWRCTL                                 
00000908  USBPWRCTL_L                               
00000909  USBPWRCTL_H                               
00000910  USBPLLCTL                                 
00000910  USBPLLCTL_L                               
00000911  USBPLLCTL_H                               
00000912  USBPLLDIVB                                
00000912  USBPLLDIVB_L                              
00000913  USBPLLDIVB_H                              
00000914  USBPLLIR                                  
00000914  USBPLLIR_L                                
00000915  USBPLLIR_H                                
00000920  USBIEPCNF_0                               
00000921  USBIEPCNT_0                               
00000922  USBOEPCNF_0                               
00000923  USBOEPCNT_0                               
0000092e  USBIEPIE                                  
0000092f  USBOEPIE                                  
00000930  USBIEPIFG                                 
00000931  USBOEPIFG                                 
00000932  USBVECINT                                 
00000932  USBVECINT_L                               
00000933  USBVECINT_H                               
00000936  USBMAINT                                  
00000936  USBMAINT_L                                
00000937  USBMAINT_H                                
00000938  USBTSREG                                  
00000938  USBTSREG_L                                
00000939  USBTSREG_H                                
0000093a  USBFN                                     
0000093a  USBFN_L                                   
0000093b  USBFN_H                                   
0000093c  USBCTL                                    
0000093d  USBIE                                     
0000093e  USBIFG                                    
0000093f  USBFUNADR                                 
00001c00  USBSTABUFF                                
0000236f  USBTOPBUFF                                
00002370  USBOEP0BUF                                
00002378  USBIEP0BUF                                
00002380  USBSUBLK                                  
00002388  USBOEPCNF_1                               
00002389  USBOEPBBAX_1                              
0000238a  USBOEPBCTX_1                              
0000238d  USBOEPBBAY_1                              
0000238e  USBOEPBCTY_1                              
0000238f  USBOEPSIZXY_1                             
00002390  USBOEPCNF_2                               
00002391  USBOEPBBAX_2                              
00002392  USBOEPBCTX_2                              
00002395  USBOEPBBAY_2                              
00002396  USBOEPBCTY_2                              
00002397  USBOEPSIZXY_2                             
00002398  USBOEPCNF_3                               
00002399  USBOEPBBAX_3                              
0000239a  USBOEPBCTX_3                              
0000239d  USBOEPBBAY_3                              
0000239e  USBOEPBCTY_3                              
0000239f  USBOEPSIZXY_3                             
000023a0  USBOEPCNF_4                               
000023a1  USBOEPBBAX_4                              
000023a2  USBOEPBCTX_4                              
000023a5  USBOEPBBAY_4                              
000023a6  USBOEPBCTY_4                              
000023a7  USBOEPSIZXY_4                             
000023a8  USBOEPCNF_5                               
000023a9  USBOEPBBAX_5                              
000023aa  USBOEPBCTX_5                              
000023ad  USBOEPBBAY_5                              
000023ae  USBOEPBCTY_5                              
000023af  USBOEPSIZXY_5                             
000023b0  USBOEPCNF_6                               
000023b1  USBOEPBBAX_6                              
000023b2  USBOEPBCTX_6                              
000023b5  USBOEPBBAY_6                              
000023b6  USBOEPBCTY_6                              
000023b7  USBOEPSIZXY_6                             
000023b8  USBOEPCNF_7                               
000023b9  USBOEPBBAX_7                              
000023ba  USBOEPBCTX_7                              
000023bd  USBOEPBBAY_7                              
000023be  USBOEPBCTY_7                              
000023bf  USBOEPSIZXY_7                             
000023c8  USBIEPCNF_1                               
000023c9  USBIEPBBAX_1                              
000023ca  USBIEPBCTX_1                              
000023cd  USBIEPBBAY_1                              
000023ce  USBIEPBCTY_1                              
000023cf  USBIEPSIZXY_1                             
000023d0  USBIEPCNF_2                               
000023d1  USBIEPBBAX_2                              
000023d2  USBIEPBCTX_2                              
000023d5  USBIEPBBAY_2                              
000023d6  USBIEPBCTY_2                              
000023d7  USBIEPSIZXY_2                             
000023d8  USBIEPCNF_3                               
000023d9  USBIEPBBAX_3                              
000023da  USBIEPBCTX_3                              
000023dd  USBIEPBBAY_3                              
000023de  USBIEPBCTY_3                              
000023df  USBIEPSIZXY_3                             
000023e0  USBIEPCNF_4                               
000023e1  USBIEPBBAX_4                              
000023e2  USBIEPBCTX_4                              
000023e5  USBIEPBBAY_4                              
000023e6  USBIEPBCTY_4                              
000023e7  USBIEPSIZXY_4                             
000023e8  USBIEPCNF_5                               
000023e9  USBIEPBBAX_5                              
000023ea  USBIEPBCTX_5                              
000023ed  USBIEPBBAY_5                              
000023ee  USBIEPBCTY_5                              
000023ef  USBIEPSIZXY_5                             
000023f0  USBIEPCNF_6                               
000023f1  USBIEPBBAX_6                              
000023f2  USBIEPBCTX_6                              
000023f5  USBIEPBBAY_6                              
000023f6  USBIEPBCTY_6                              
000023f7  USBIEPSIZXY_6                             
000023f8  USBIEPCNF_7                               
000023f9  USBIEPBBAX_7                              
000023fa  USBIEPBCTX_7                              
000023fd  USBIEPBBAY_7                              
000023fe  USBIEPBCTY_7                              
000023ff  USBIEPSIZXY_7                             
00003dfe  pxCurrentTCB                              
00003e3a  StatsOverflowCount                        
00003e42  usCriticalNesting                         
00003e44  errno                                     
00004360  _stack                                    
00004400  __STACK_END                               
00004400  prvUSCI_A1_ISR                            
00004464  Button1_ISR                               
000044c2  Button2_ISR                               
00004520  _c_int00_noargs                           
0000453c  vTickISREntry                             
0000454c  __TI_ISR_TRAP                             
00004554  prvRunTimeStatsOverflowISR                
0000493e  _ctypes_                                  
00004a40  g_psCmdTable                              
00004bce  __TI_Handler_Table_Base                   
00004bda  __TI_Handler_Table_Limit                  
00004bec  __TI_CINIT_Base                           
00004bfc  __TI_CINIT_Limit                          
00004bfc  __TI_CINIT_Warm                           
0000ffd2  __TI_int41                                
0000ffd4  __TI_int42                                
0000ffd6  __TI_int43                                
0000ffd8  __TI_int44                                
0000ffda  __TI_int45                                
0000ffdc  __TI_int46                                
0000ffde  __TI_int47                                
0000ffe0  __TI_int48                                
0000ffe2  __TI_int49                                
0000ffe4  __TI_int50                                
0000ffe6  __TI_int51                                
0000ffe8  __TI_int52                                
0000ffea  __TI_int53                                
0000ffec  __TI_int54                                
0000ffee  __TI_int55                                
0000fff0  __TI_int56                                
0000fff2  __TI_int57                                
0000fff4  __TI_int58                                
0000fff6  __TI_int59                                
0000fff8  __TI_int60                                
0000fffa  __TI_int61                                
0000fffc  __TI_int62                                
0000fffe  _reset_vector                             
00010000  __mspabi_addd                             
0001072a  __TI_frcdivd                              
00010b92  strtof                                    
00010f98  __mspabi_divull                           
000112e6  xSerialvPrintf                            
000115dc  __TI_printfi                              
00011882  __mspabi_mpyd                             
0001221a  __mspabi_divd                             
00012436  xSerialGetStringWithHistory               
00012a2c  strtoul                                   
00012f62  xQueueGenericSend                         
00013254  xQueueReceive                             
000133c2  __TI_frcmpyd                              
00013526  ldexp                                     
00013526  ldexpl                                    
00013526  scalbn                                    
00013526  scalbnl                                   
000137c8  __mspabi_subf                             
000137ce  __mspabi_addf                             
00013b50  vTaskGetRunTimeStats                      
00013d98  vTaskSwitchContext                        
00013eb4  vTaskList                                 
00013fbc  xSerialPortInitMinimal                    
00014396  xTaskIncrementTick                        
0001447e  ldexpf                                    
0001447e  scalbnf                                   
00014562  UCS_initFLL                               
00014644  PMM_setVCoreUp                            
00014724  pvPortMalloc                              
000148e0  __mspabi_cmpd                             
000149b8  USCI_A_UART_init                          
00014a8e  xTaskResumeAll                            
00014b60  initPorts                                 
00014daa  __mspabi_mpyf                             
00014e62  xQueueGenericReset                        
00014f0c  UCS_initClockSignal                       
00015058  frexp                                     
00015058  frexpl                                    
000150fe  vPortPreemptiveTickISR                    
0001512e  vPortCooperativeTickISR                   
0001515a  vPortYield                                
0001518a  xPortStartScheduler                       
0001524a  uxTaskGetSystemState                      
000152ee  PMM_setVCoreDown                          
00015430  __mspabi_fltlid                           
0001556a  vTaskGetInfo                              
00015850  __mspabi_divf                             
00015966  xQueueGenericSendFromISR                  
000159ec  __TI_ltoa                                 
00015a6c  xTaskPriorityDisinherit                   
00015aec  xTaskRemoveFromEventList                  
00015b6c  xTaskCreate                               
00015c62  CmdLineProcess                            
00015cd8  __TI_decompress_lzss                      
00015d4e  eTaskGetState                             
00015dc4  xTimerGenericCommand                      
00015e3a  xTaskCheckForTimeOut                      
00015eae  xQueueReceiveFromISR                      
00015f8c  initCommands                              
0001605c  __mspabi_fixdli                           
000161f4  atoi                                      
00016256  vPortFree                                 
000162b6  __mspabi_mpyll_f5hw                       
000163c6  vTaskStartScheduler                       
00016420  __mspabi_divul                            
00016420  __mspabi_remul                            
00016524  initButtons                               
0001657a  __TI_auto_init_nobinit_nopinit_hold_wdt   
000165ce  PMM_setVCore                              
000166be  vQueueWaitForMessageRestricted            
0001670c  xTimerCreateTimerTask                     
000167a6  initClocks                                
000167f0  __mspabi_cmpf                             
0001683a  xQueueGenericCreate                       
00016884  __mspabi_fixfu                            
000168ca  sprintf                                   
0001690e  __mspabi_srall                            
0001694e  __mspabi_divli                            
0001694e  __mspabi_remli                            
0001698e  vListInsert                               
000169ce  Button2_diferido                          
00016a0c  GPIO_setAsInputPinWithPullUpResistor      
00016a4a  __mspabi_sral_15                          
00016a4e  __mspabi_sral_14                          
00016a52  __mspabi_sral_13                          
00016a56  __mspabi_sral_12                          
00016a5a  __mspabi_sral_11                          
00016a5e  __mspabi_sral_10                          
00016a62  __mspabi_sral_9                           
00016a66  __mspabi_sral_8                           
00016a6a  __mspabi_sral_7                           
00016a6e  __mspabi_sral_6                           
00016a72  __mspabi_sral_5                           
00016a76  __mspabi_sral_4                           
00016a7a  __mspabi_sral_3                           
00016a7e  __mspabi_sral_2                           
00016a82  __mspabi_sral_1                           
00016a88  __mspabi_slll_15                          
00016a8c  __mspabi_slll_14                          
00016a90  __mspabi_slll_13                          
00016a94  __mspabi_slll_12                          
00016a98  __mspabi_slll_11                          
00016a9c  __mspabi_slll_10                          
00016aa0  __mspabi_slll_9                           
00016aa4  __mspabi_slll_8                           
00016aa8  __mspabi_slll_7                           
00016aac  __mspabi_slll_6                           
00016ab0  __mspabi_slll_5                           
00016ab4  __mspabi_slll_4                           
00016ab8  __mspabi_slll_3                           
00016abc  __mspabi_slll_2                           
00016ac0  __mspabi_slll_1                           
00016ac6  __mspabi_srll_15                          
00016aca  __mspabi_srll_14                          
00016ace  __mspabi_srll_13                          
00016ad2  __mspabi_srll_12                          
00016ad6  __mspabi_srll_11                          
00016ada  __mspabi_srll_10                          
00016ade  __mspabi_srll_9                           
00016ae2  __mspabi_srll_8                           
00016ae6  __mspabi_srll_7                           
00016aea  __mspabi_srll_6                           
00016aee  __mspabi_srll_5                           
00016af2  __mspabi_srll_4                           
00016af6  __mspabi_srll_3                           
00016afa  __mspabi_srll_2                           
00016afe  __mspabi_srll_1                           
00016b04  __mspabi_sllll                            
00016b3e  __mspabi_srlll                            
00016b78  uxListRemove                              
00016bb2  UCS_turnOnLFXT1                           
00016c22  vTaskPlaceOnEventListRestricted           
00016c56  __mspabi_subd                             
00016cec  xTimerPendFunctionCallFromISR             
00016d1e  vTaskDelay                                
00016d4e  GPIO_selectInterruptEdge                  
00016d7c  __mspabi_negd                             
00016daa  copysign                                  
00016daa  copysignl                                 
00016e06  strncmp                                   
00016e34  __mspabi_mpyull_f5hw                      
00016e8c  vTaskPlaceOnEventList                     
00016ee2  GPIO_setAsOutputPin                       
00016f0a  GPIO_setAsPeripheralModuleFunctionInputPin
00016f32  __mspabi_fixdi                            
00016faa  vListInitialise                           
00016fd2  Cmd_free                                  
00016ff8  memccpy                                   
0001701e  vApplicationSetupTimerInterrupt           
0001701e  vPortSetupTimerInterrupt                  
00017044  vListInsertEnd                            
0001706a  __TI_zero_init                            
0001708e  main                                      
000170d6  pxPortInitialiseStack                     
000170fa  __mspabi_mpyl_f5hw                        
0001711e  xTaskGetTickCount                         
00017164  xSerialWrite                              
00017186  WDT_A_hold                                
000171c6  vConfigureTimerForRunTimeStats            
000171e6  GPIO_clearInterrupt                       
00017204  GPIO_enableInterrupt                      
00017222  USCI_A_UART_enableInterrupt               
00017240  GPIO_getInputPinValue                     
0001725c  GPIO_setOutputHighOnPin                   
00017278  GPIO_setOutputLowOnPin                    
00017294  GPIO_toggleOutputOnPin                    
000172b0  strchr                                    
000172cc  strcmp                                    
000172e8  xSerialPutChar                            
00017302  Button1_diferido                          
0001731a  __mspabi_mpyi_f5hw                        
00017332  xTaskGetSchedulerState                    
0001734a  memset                                    
00017376  __mspabi_divu                             
00017376  __mspabi_remu                             
0001738c  wcslen                                    
000173b6  memcpy                                    
000173ca  xSerialPrintf                             
000173de  copysignf                                 
000173f0  __TI_decompress_none                      
00017414  strcpy                                    
00017426  toupper                                   
00017438  GetOverflowCounts                         
00017448  __mspabi_srll                             
00017458  strlen                                    
00017466  vTaskInternalSetTimeOutState              
00017474  USCI_A_UART_clearInterrupt                
00017480  __mspabi_fltid                            
0001748c  _system_pre_init                          
00017496  abs                                       
000174a0  __mspabi_negf                             
000174aa  vApplicationIdleHook                      
000174b4  vApplicationStackOverflowHook             
000174be  xSerialGetChar                            
000174c8  vListInitialiseItem                       
000174d0  USCI_A_UART_enable                        
000174d6  C$$EXIT                                   
000174d6  abort                                     
000174dc  vTaskMissedYield                          
000174e2  vTaskSuspendAll                           
000174e8  xPortGetFreeHeapSize                      
000174ee  _system_post_cinit                        
ffffffff  __TI_pprof_out_hndl                       
ffffffff  __TI_prof_data_size                       
ffffffff  __TI_prof_data_start                      
ffffffff  __c_args__                                

[980 symbols]
